Component: ARM Compiler 5.06 update 7 (build 960) Tool: armlink [4d3601]

==============================================================================

Section Cross References

    startup_stm32f103xe.o(RESET) refers to startup_stm32f103xe.o(STACK) for __initial_sp
    startup_stm32f103xe.o(RESET) refers to startup_stm32f103xe.o(.text) for Reset_Handler
    startup_stm32f103xe.o(RESET) refers to stm32f1xx_it.o(i.NMI_Handler) for NMI_Handler
    startup_stm32f103xe.o(RESET) refers to stm32f1xx_it.o(i.HardFault_Handler) for HardFault_Handler
    startup_stm32f103xe.o(RESET) refers to stm32f1xx_it.o(i.MemManage_Handler) for MemManage_Handler
    startup_stm32f103xe.o(RESET) refers to stm32f1xx_it.o(i.BusFault_Handler) for BusFault_Handler
    startup_stm32f103xe.o(RESET) refers to stm32f1xx_it.o(i.UsageFault_Handler) for UsageFault_Handler
    startup_stm32f103xe.o(RESET) refers to stm32f1xx_it.o(i.SVC_Handler) for SVC_Handler
    startup_stm32f103xe.o(RESET) refers to stm32f1xx_it.o(i.DebugMon_Handler) for DebugMon_Handler
    startup_stm32f103xe.o(RESET) refers to stm32f1xx_it.o(i.PendSV_Handler) for PendSV_Handler
    startup_stm32f103xe.o(RESET) refers to stm32f1xx_it.o(i.SysTick_Handler) for SysTick_Handler
    startup_stm32f103xe.o(.text) refers to system_stm32f1xx.o(i.SystemInit) for SystemInit
    startup_stm32f103xe.o(.text) refers to entry.o(.ARM.Collect$$$$00000000) for __main
    main.o(i.SystemClock_Config) refers to memseta.o(.text) for __aeabi_memclr4
    main.o(i.SystemClock_Config) refers to stm32f1xx_hal_rcc.o(i.HAL_RCC_OscConfig) for HAL_RCC_OscConfig
    main.o(i.SystemClock_Config) refers to main.o(i.Error_Handler) for Error_Handler
    main.o(i.SystemClock_Config) refers to stm32f1xx_hal_rcc.o(i.HAL_RCC_ClockConfig) for HAL_RCC_ClockConfig
    main.o(i.main) refers to stm32f1xx_hal.o(i.HAL_Init) for HAL_Init
    main.o(i.main) refers to main.o(i.SystemClock_Config) for SystemClock_Config
    main.o(i.main) refers to gpio.o(i.MX_GPIO_Init) for MX_GPIO_Init
    main.o(i.main) refers to usart.o(i.MX_USART1_UART_Init) for MX_USART1_UART_Init
    main.o(i.main) refers to tim.o(i.MX_TIM5_Init) for MX_TIM5_Init
    main.o(i.main) refers to spi.o(i.MX_SPI2_Init) for MX_SPI2_Init
    main.o(i.main) refers to ad7794.o(i.AD7794_Init) for AD7794_Init
    main.o(i.main) refers to ad7794.o(i.AD7794_Code_To_Res) for AD7794_Code_To_Res
    main.o(i.main) refers to dfltui.o(.text) for __aeabi_ui2d
    main.o(i.main) refers to dmul.o(.text) for __aeabi_dmul
    main.o(i.main) refers to d2f.o(.text) for __aeabi_d2f
    main.o(i.main) refers to f2d.o(.text) for __aeabi_f2d
    main.o(i.main) refers to printfa.o(i.__0printf) for __2printf
    main.o(i.main) refers to algorithm.o(i.resi_temp_calc) for resi_temp_calc
    main.o(i.main) refers to stm32f1xx_hal.o(i.HAL_Delay) for HAL_Delay
    main.o(i.main) refers to main.o(.data) for Code_AD7794
    gpio.o(i.MX_GPIO_Init) refers to stm32f1xx_hal_gpio.o(i.HAL_GPIO_WritePin) for HAL_GPIO_WritePin
    gpio.o(i.MX_GPIO_Init) refers to stm32f1xx_hal_gpio.o(i.HAL_GPIO_Init) for HAL_GPIO_Init
    spi.o(i.HAL_SPI_MspDeInit) refers to stm32f1xx_hal_gpio.o(i.HAL_GPIO_DeInit) for HAL_GPIO_DeInit
    spi.o(i.HAL_SPI_MspInit) refers to stm32f1xx_hal_gpio.o(i.HAL_GPIO_Init) for HAL_GPIO_Init
    spi.o(i.MX_SPI2_Init) refers to stm32f1xx_hal_spi.o(i.HAL_SPI_Init) for HAL_SPI_Init
    spi.o(i.MX_SPI2_Init) refers to main.o(i.Error_Handler) for Error_Handler
    spi.o(i.MX_SPI2_Init) refers to spi.o(.bss) for hspi2
    tim.o(i.MX_TIM5_Init) refers to stm32f1xx_hal_tim.o(i.HAL_TIM_Base_Init) for HAL_TIM_Base_Init
    tim.o(i.MX_TIM5_Init) refers to main.o(i.Error_Handler) for Error_Handler
    tim.o(i.MX_TIM5_Init) refers to stm32f1xx_hal_tim.o(i.HAL_TIM_ConfigClockSource) for HAL_TIM_ConfigClockSource
    tim.o(i.MX_TIM5_Init) refers to stm32f1xx_hal_tim_ex.o(i.HAL_TIMEx_MasterConfigSynchronization) for HAL_TIMEx_MasterConfigSynchronization
    tim.o(i.MX_TIM5_Init) refers to tim.o(.bss) for htim5
    usart.o(i.HAL_UART_MspDeInit) refers to stm32f1xx_hal_gpio.o(i.HAL_GPIO_DeInit) for HAL_GPIO_DeInit
    usart.o(i.HAL_UART_MspInit) refers to stm32f1xx_hal_gpio.o(i.HAL_GPIO_Init) for HAL_GPIO_Init
    usart.o(i.MX_USART1_UART_Init) refers to stm32f1xx_hal_uart.o(i.HAL_UART_Init) for HAL_UART_Init
    usart.o(i.MX_USART1_UART_Init) refers to main.o(i.Error_Handler) for Error_Handler
    usart.o(i.MX_USART1_UART_Init) refers to usart.o(.bss) for huart1
    usart.o(i.fgetc) refers to stm32f1xx_hal_uart.o(i.HAL_UART_Receive) for HAL_UART_Receive
    usart.o(i.fgetc) refers to usart.o(.bss) for huart1
    usart.o(i.fputc) refers to stm32f1xx_hal_uart.o(i.HAL_UART_Transmit) for HAL_UART_Transmit
    usart.o(i.fputc) refers to usart.o(.bss) for huart1
    stm32f1xx_it.o(i.SysTick_Handler) refers to stm32f1xx_hal.o(i.HAL_IncTick) for HAL_IncTick
    stm32f1xx_hal_spi.o(i.HAL_SPI_Abort) refers to stm32f1xx_hal_dma.o(i.HAL_DMA_Abort) for HAL_DMA_Abort
[...]
    Removing stm32f1xx_hal_gpio.o(i.HAL_GPIO_LockPin), (46 bytes).
    Removing stm32f1xx_hal_gpio.o(i.HAL_GPIO_ReadPin), (16 bytes).
    Removing stm32f1xx_hal_gpio.o(i.HAL_GPIO_TogglePin), (20 bytes).
    Removing stm32f1xx_hal_dma.o(.rev16_text), (4 bytes).
    Removing stm32f1xx_hal_dma.o(.revsh_text), (4 bytes).
    Removing stm32f1xx_hal_dma.o(.rrx_text), (6 bytes).
    Removing stm32f1xx_hal_dma.o(i.DMA_SetConfig), (44 bytes).
    Removing stm32f1xx_hal_dma.o(i.HAL_DMA_Abort), (86 bytes).
    Removing stm32f1xx_hal_dma.o(i.HAL_DMA_Abort_IT), (424 bytes).
    Removing stm32f1xx_hal_dma.o(i.HAL_DMA_DeInit), (140 bytes).
    Removing stm32f1xx_hal_dma.o(i.HAL_DMA_GetError), (6 bytes).
    Removing stm32f1xx_hal_dma.o(i.HAL_DMA_GetState), (8 bytes).
    Removing stm32f1xx_hal_dma.o(i.HAL_DMA_IRQHandler), (920 bytes).
    Removing stm32f1xx_hal_dma.o(i.HAL_DMA_Init), (140 bytes).
    Removing stm32f1xx_hal_dma.o(i.HAL_DMA_PollForTransfer), (1620 bytes).
    Removing stm32f1xx_hal_dma.o(i.HAL_DMA_RegisterCallback), (90 bytes).
    Removing stm32f1xx_hal_dma.o(i.HAL_DMA_Start), (114 bytes).
    Removing stm32f1xx_hal_dma.o(i.HAL_DMA_Start_IT), (156 bytes).
    Removing stm32f1xx_hal_dma.o(i.HAL_DMA_UnRegisterCallback), (106 bytes).
    Removing stm32f1xx_hal_cortex.o(.rev16_text), (4 bytes).
    Removing stm32f1xx_hal_cortex.o(.revsh_text), (4 bytes).
    Removing stm32f1xx_hal_cortex.o(.rrx_text), (6 bytes).
    Removing stm32f1xx_hal_cortex.o(i.HAL_NVIC_ClearPendingIRQ), (36 bytes).
    Removing stm32f1xx_hal_cortex.o(i.HAL_NVIC_DisableIRQ), (68 bytes).
    Removing stm32f1xx_hal_cortex.o(i.HAL_NVIC_EnableIRQ), (32 bytes).
    Removing stm32f1xx_hal_cortex.o(i.HAL_NVIC_GetActive), (48 bytes).
    Removing stm32f1xx_hal_cortex.o(i.HAL_NVIC_GetPendingIRQ), (48 bytes).
    Removing stm32f1xx_hal_cortex.o(i.HAL_NVIC_GetPriority), (148 bytes).
    Removing stm32f1xx_hal_cortex.o(i.HAL_NVIC_GetPriorityGrouping), (8 bytes).
    Removing stm32f1xx_hal_cortex.o(i.HAL_NVIC_SetPendingIRQ), (36 bytes).
    Removing stm32f1xx_hal_cortex.o(i.HAL_NVIC_SystemReset), (68 bytes).
    Removing stm32f1xx_hal_cortex.o(i.HAL_SYSTICK_CLKSourceConfig), (40 bytes).
    Removing stm32f1xx_hal_cortex.o(i.HAL_SYSTICK_Callback), (2 bytes).
    Removing stm32f1xx_hal_cortex.o(i.HAL_SYSTICK_IRQHandler), (8 bytes).
    Removing stm32f1xx_hal_pwr.o(.rev16_text), (4 bytes).
    Removing stm32f1xx_hal_pwr.o(.revsh_text), (4 bytes).
    Removing stm32f1xx_hal_pwr.o(.rrx_text), (6 bytes).
    Removing stm32f1xx_hal_pwr.o(i.HAL_PWR_ConfigPVD), (180 bytes).
    Removing stm32f1xx_hal_pwr.o(i.HAL_PWR_DeInit), (28 bytes).
    Removing stm32f1xx_hal_pwr.o(i.HAL_PWR_DisableBkUpAccess), (12 bytes).
    Removing stm32f1xx_hal_pwr.o(i.HAL_PWR_DisablePVD), (12 bytes).
    Removing stm32f1xx_hal_pwr.o(i.HAL_PWR_DisableSEVOnPend), (20 bytes).
    Removing stm32f1xx_hal_pwr.o(i.HAL_PWR_DisableSleepOnExit), (20 bytes).
    Removing stm32f1xx_hal_pwr.o(i.HAL_PWR_DisableWakeUpPin), (28 bytes).
    Removing stm32f1xx_hal_pwr.o(i.HAL_PWR_EnableBkUpAccess), (12 bytes).
    Removing stm32f1xx_hal_pwr.o(i.HAL_PWR_EnablePVD), (12 bytes).
    Removing stm32f1xx_hal_pwr.o(i.HAL_PWR_EnableSEVOnPend), (20 bytes).
    Removing stm32f1xx_hal_pwr.o(i.HAL_PWR_EnableSleepOnExit), (20 bytes).
    Removing stm32f1xx_hal_pwr.o(i.HAL_PWR_EnableWakeUpPin), (28 bytes).
    Removing stm32f1xx_hal_pwr.o(i.HAL_PWR_EnterSLEEPMode), (32 bytes).
    Removing stm32f1xx_hal_pwr.o(i.HAL_PWR_EnterSTANDBYMode), (40 bytes).
    Removing stm32f1xx_hal_pwr.o(i.HAL_PWR_EnterSTOPMode), (84 bytes).
    Removing stm32f1xx_hal_pwr.o(i.HAL_PWR_PVDCallback), (2 bytes).
    Removing stm32f1xx_hal_pwr.o(i.HAL_PWR_PVD_IRQHandler), (32 bytes).
    Removing stm32f1xx_hal_pwr.o(i.PWR_OverloadWfe), (6 bytes).
    Removing stm32f1xx_hal_flash.o(.rev16_text), (4 bytes).
    Removing stm32f1xx_hal_flash.o(.revsh_text), (4 bytes).
    Removing stm32f1xx_hal_flash.o(.rrx_text), (6 bytes).
    Removing stm32f1xx_hal_flash.o(i.FLASH_Program_HalfWord), (32 bytes).
    Removing stm32f1xx_hal_flash.o(i.FLASH_SetErrorCode), (132 bytes).
    Removing stm32f1xx_hal_flash.o(i.FLASH_WaitForLastOperation), (112 bytes).
    Removing stm32f1xx_hal_flash.o(i.HAL_FLASH_EndOfOperationCallback), (2 bytes).
    Removing stm32f1xx_hal_flash.o(i.HAL_FLASH_GetError), (12 bytes).
    Removing stm32f1xx_hal_flash.o(i.HAL_FLASH_IRQHandler), (384 bytes).
    Removing stm32f1xx_hal_flash.o(i.HAL_FLASH_Lock), (20 bytes).
    Removing stm32f1xx_hal_flash.o(i.HAL_FLASH_OB_Launch), (8 bytes).
    Removing stm32f1xx_hal_flash.o(i.HAL_FLASH_OB_Lock), (20 bytes).
    Removing stm32f1xx_hal_flash.o(i.HAL_FLASH_OB_Unlock), (44 bytes).
    Removing stm32f1xx_hal_flash.o(i.HAL_FLASH_OperationErrorCallback), (2 bytes).
    Removing stm32f1xx_hal_flash.o(i.HAL_FLASH_Program), (176 bytes).
    Removing stm32f1xx_hal_flash.o(i.HAL_FLASH_Program_IT), (124 bytes).
    Removing stm32f1xx_hal_flash.o(i.HAL_FLASH_Unlock), (48 bytes).
    Removing stm32f1xx_hal_flash.o(.bss), (32 bytes).
    Removing stm32f1xx_hal_flash_ex.o(.rev16_text), (4 bytes).
    Removing stm32f1xx_hal_flash_ex.o(.revsh_text), (4 bytes).
    Removing stm32f1xx_hal_flash_ex.o(.rrx_text), (6 bytes).
    Removing stm32f1xx_hal_flash_ex.o(i.FLASH_MassErase), (40 bytes).
    Removing stm32f1xx_hal_flash_ex.o(i.FLASH_OB_DisableWRP), (232 bytes).
    Removing stm32f1xx_hal_flash_ex.o(i.FLASH_OB_EnableWRP), (236 bytes).
    Removing stm32f1xx_hal_flash_ex.o(i.FLASH_OB_GetRDP), (28 bytes).
    Removing stm32f1xx_hal_flash_ex.o(i.FLASH_OB_GetUser), (16 bytes).
    Removing stm32f1xx_hal_flash_ex.o(i.FLASH_OB_GetWRP), (12 bytes).
    Removing stm32f1xx_hal_flash_ex.o(i.FLASH_OB_ProgramData), (76 bytes).
    Removing stm32f1xx_hal_flash_ex.o(i.FLASH_OB_RDP_LevelConfig), (124 bytes).
    Removing stm32f1xx_hal_flash_ex.o(i.FLASH_OB_UserConfig), (84 bytes).
    Removing stm32f1xx_hal_flash_ex.o(i.FLASH_PageErase), (40 bytes).
    Removing stm32f1xx_hal_flash_ex.o(i.HAL_FLASHEx_Erase), (176 bytes).
    Removing stm32f1xx_hal_flash_ex.o(i.HAL_FLASHEx_Erase_IT), (100 bytes).
    Removing stm32f1xx_hal_flash_ex.o(i.HAL_FLASHEx_OBErase), (96 bytes).
    Removing stm32f1xx_hal_flash_ex.o(i.HAL_FLASHEx_OBGetConfig), (28 bytes).
    Removing stm32f1xx_hal_flash_ex.o(i.HAL_FLASHEx_OBGetUserData), (40 bytes).
    Removing stm32f1xx_hal_flash_ex.o(i.HAL_FLASHEx_OBProgram), (200 bytes).
    Removing stm32f1xx_hal_exti.o(.rev16_text), (4 bytes).
    Removing stm32f1xx_hal_exti.o(.revsh_text), (4 bytes).
    Removing stm32f1xx_hal_exti.o(.rrx_text), (6 bytes).
    Removing stm32f1xx_hal_exti.o(i.HAL_EXTI_ClearConfigLine), (120 bytes).
    Removing stm32f1xx_hal_exti.o(i.HAL_EXTI_ClearPending), (28 bytes).
    Removing stm32f1xx_hal_exti.o(i.HAL_EXTI_GenerateSWI), (24 bytes).
    Removing stm32f1xx_hal_exti.o(i.HAL_EXTI_GetConfigLine), (160 bytes).
    Removing stm32f1xx_hal_exti.o(i.HAL_EXTI_GetHandle), (14 bytes).
    Removing stm32f1xx_hal_exti.o(i.HAL_EXTI_GetPending), (36 bytes).
    Removing stm32f1xx_hal_exti.o(i.HAL_EXTI_IRQHandler), (44 bytes).
    Removing stm32f1xx_hal_exti.o(i.HAL_EXTI_RegisterCallback), (20 bytes).
    Removing stm32f1xx_hal_exti.o(i.HAL_EXTI_SetConfigLine), (240 bytes).
    Removing stm32f1xx_hal_tim.o(.rev16_text), (4 bytes).
    Removing stm32f1xx_hal_tim.o(.revsh_text), (4 bytes).
    Removing stm32f1xx_hal_tim.o(.rrx_text), (6 bytes).
    Removing stm32f1xx_hal_tim.o(i.HAL_TIM_Base_DeInit), (120 bytes).
    Removing stm32f1xx_hal_tim.o(i.HAL_TIM_Base_GetState), (8 bytes).
    Removing stm32f1xx_hal_tim.o(i.HAL_TIM_Base_MspDeInit), (2 bytes).
    Removing stm32f1xx_hal_tim.o(i.HAL_TIM_Base_MspInit), (2 bytes).
    Removing stm32f1xx_hal_tim.o(i.HAL_TIM_Base_Start), (132 bytes).
    Removing stm32f1xx_hal_tim.o(i.HAL_TIM_Base_Start_DMA), (224 bytes).
    Removing stm32f1xx_hal_tim.o(i.HAL_TIM_Base_Start_IT), (144 bytes).
    Removing stm32f1xx_hal_tim.o(i.HAL_TIM_Base_Stop), (50 bytes).
    Removing stm32f1xx_hal_tim.o(i.HAL_TIM_Base_Stop_DMA), (70 bytes).
    Removing stm32f1xx_hal_tim.o(i.HAL_TIM_Base_Stop_IT), (62 bytes).
    Removing stm32f1xx_hal_tim.o(i.HAL_TIM_ConfigOCrefClear), (270 bytes).
    Removing stm32f1xx_hal_tim.o(i.HAL_TIM_ConfigTI1Input), (22 bytes).
    Removing stm32f1xx_hal_tim.o(i.HAL_TIM_DMABurstState), (8 bytes).
    Removing stm32f1xx_hal_tim.o(i.HAL_TIM_DMABurst_MultiReadStart), (460 bytes).
    Removing stm32f1xx_hal_tim.o(i.HAL_TIM_DMABurst_MultiWriteStart), (460 bytes).
    Removing stm32f1xx_hal_tim.o(i.HAL_TIM_DMABurst_ReadStart), (38 bytes).
    Removing stm32f1xx_hal_tim.o(i.HAL_TIM_DMABurst_ReadStop), (134 bytes).
    Removing stm32f1xx_hal_tim.o(i.HAL_TIM_DMABurst_WriteStart), (38 bytes).
    Removing stm32f1xx_hal_tim.o(i.HAL_TIM_DMABurst_WriteStop), (134 bytes).
    Removing stm32f1xx_hal_tim.o(i.HAL_TIM_Encoder_DeInit), (96 bytes).
    Removing stm32f1xx_hal_tim.o(i.HAL_TIM_Encoder_GetState), (8 bytes).
    Removing stm32f1xx_hal_tim.o(i.HAL_TIM_Encoder_Init), (196 bytes).
    Removing stm32f1xx_hal_tim.o(i.HAL_TIM_Encoder_MspDeInit), (2 bytes).
    Removing stm32f1xx_hal_tim.o(i.HAL_TIM_Encoder_MspInit), (2 bytes).
    Removing stm32f1xx_hal_tim.o(i.HAL_TIM_Encoder_Start), (204 bytes).
    Removing stm32f1xx_hal_tim.o(i.HAL_TIM_Encoder_Start_DMA), (564 bytes).
    Removing stm32f1xx_hal_tim.o(i.HAL_TIM_Encoder_Start_IT), (252 bytes).
    Removing stm32f1xx_hal_tim.o(i.HAL_TIM_Encoder_Stop), (214 bytes).
    Removing stm32f1xx_hal_tim.o(i.HAL_TIM_Encoder_Stop_DMA), (280 bytes).
    Removing stm32f1xx_hal_tim.o(i.HAL_TIM_Encoder_Stop_IT), (256 bytes).
    Removing stm32f1xx_hal_tim.o(i.HAL_TIM_ErrorCallback), (2 bytes).
    Removing stm32f1xx_hal_tim.o(i.HAL_TIM_GenerateEvent), (54 bytes).
    Removing stm32f1xx_hal_tim.o(i.HAL_TIM_GetActiveChannel), (6 bytes).
    Removing stm32f1xx_hal_tim.o(i.HAL_TIM_GetChannelState), (38 bytes).
    Removing stm32f1xx_hal_tim.o(i.HAL_TIM_IC_CaptureCallback), (2 bytes).
    Removing stm32f1xx_hal_tim.o(i.HAL_TIM_IC_CaptureHalfCpltCallback), (2 bytes).
    Removing stm32f1xx_hal_tim.o(i.HAL_TIM_IC_ConfigChannel), (212 bytes).
    Removing stm32f1xx_hal_tim.o(i.HAL_TIM_IC_DeInit), (120 bytes).
    Removing stm32f1xx_hal_tim.o(i.HAL_TIM_IC_GetState), (8 bytes).
    Removing stm32f1xx_hal_tim.o(i.HAL_TIM_IC_Init), (102 bytes).
    Removing stm32f1xx_hal_tim.o(i.HAL_TIM_IC_MspDeInit), (2 bytes).
    Removing stm32f1xx_hal_tim.o(i.HAL_TIM_IC_MspInit), (2 bytes).
    Removing stm32f1xx_hal_tim.o(i.HAL_TIM_IC_Start), (292 bytes).
    Removing stm32f1xx_hal_tim.o(i.HAL_TIM_IC_Start_DMA), (576 bytes).
    Removing stm32f1xx_hal_tim.o(i.HAL_TIM_IC_Start_IT), (368 bytes).
    Removing stm32f1xx_hal_tim.o(i.HAL_TIM_IC_Stop), (138 bytes).
    Removing stm32f1xx_hal_tim.o(i.HAL_TIM_IC_Stop_DMA), (238 bytes).
    Removing stm32f1xx_hal_tim.o(i.HAL_TIM_IC_Stop_IT), (214 bytes).
    Removing stm32f1xx_hal_tim.o(i.HAL_TIM_IRQHandler), (406 bytes).
    Removing stm32f1xx_hal_tim.o(i.HAL_TIM_OC_ConfigChannel), (104 bytes).
    Removing stm32f1xx_hal_tim.o(i.HAL_TIM_OC_DeInit), (120 bytes).
    Removing stm32f1xx_hal_tim.o(i.HAL_TIM_OC_DelayElapsedCallback), (2 bytes).
    Removing stm32f1xx_hal_tim.o(i.HAL_TIM_OC_GetState), (8 bytes).
    Removing stm32f1xx_hal_tim.o(i.HAL_TIM_OC_Init), (102 bytes).
    Removing stm32f1xx_hal_tim.o(i.HAL_TIM_OC_MspDeInit), (2 bytes).
    Removing stm32f1xx_hal_tim.o(i.HAL_TIM_OC_MspInit), (2 bytes).
    Removing stm32f1xx_hal_tim.o(i.HAL_TIM_OC_Start), (244 bytes).
    Removing stm32f1xx_hal_tim.o(i.HAL_TIM_OC_Start_DMA), (548 bytes).
    Removing stm32f1xx_hal_tim.o(i.HAL_TIM_OC_Start_IT), (320 bytes).
    Removing stm32f1xx_hal_tim.o(i.HAL_TIM_OC_Stop), (168 bytes).
    Removing stm32f1xx_hal_tim.o(i.HAL_TIM_OC_Stop_DMA), (268 bytes).
    Removing stm32f1xx_hal_tim.o(i.HAL_TIM_OC_Stop_IT), (244 bytes).
    Removing stm32f1xx_hal_tim.o(i.HAL_TIM_OnePulse_ConfigChannel), (286 bytes).
    Removing stm32f1xx_hal_tim.o(i.HAL_TIM_OnePulse_DeInit), (96 bytes).
    Removing stm32f1xx_hal_tim.o(i.HAL_TIM_OnePulse_GetState), (8 bytes).
    Removing stm32f1xx_hal_tim.o(i.HAL_TIM_OnePulse_Init), (102 bytes).
    Removing stm32f1xx_hal_tim.o(i.HAL_TIM_OnePulse_MspDeInit), (2 bytes).
    Removing stm32f1xx_hal_tim.o(i.HAL_TIM_OnePulse_MspInit), (2 bytes).
    Removing stm32f1xx_hal_tim.o(i.HAL_TIM_OnePulse_Start), (140 bytes).
    Removing stm32f1xx_hal_tim.o(i.HAL_TIM_OnePulse_Start_IT), (164 bytes).
    Removing stm32f1xx_hal_tim.o(i.HAL_TIM_OnePulse_Stop), (160 bytes).
    Removing stm32f1xx_hal_tim.o(i.HAL_TIM_OnePulse_Stop_IT), (184 bytes).
    Removing stm32f1xx_hal_tim.o(i.HAL_TIM_PWM_ConfigChannel), (252 bytes).
    Removing stm32f1xx_hal_tim.o(i.HAL_TIM_PWM_DeInit), (120 bytes).
    Removing stm32f1xx_hal_tim.o(i.HAL_TIM_PWM_GetState), (8 bytes).
    Removing stm32f1xx_hal_tim.o(i.HAL_TIM_PWM_Init), (102 bytes).
    Removing stm32f1xx_hal_tim.o(i.HAL_TIM_PWM_MspDeInit), (2 bytes).
    Removing stm32f1xx_hal_tim.o(i.HAL_TIM_PWM_MspInit), (2 bytes).
    Removing stm32f1xx_hal_tim.o(i.HAL_TIM_PWM_PulseFinishedCallback), (2 bytes).
    Removing stm32f1xx_hal_tim.o(i.HAL_TIM_PWM_PulseFinishedHalfCpltCallback), (2 bytes).
    Removing stm32f1xx_hal_tim.o(i.HAL_TIM_PWM_Start), (244 bytes).
    Removing stm32f1xx_hal_tim.o(i.HAL_TIM_PWM_Start_DMA), (548 bytes).
    Removing stm32f1xx_hal_tim.o(i.HAL_TIM_PWM_Start_IT), (320 bytes).
    Removing stm32f1xx_hal_tim.o(i.HAL_TIM_PWM_Stop), (168 bytes).
    Removing stm32f1xx_hal_tim.o(i.HAL_TIM_PWM_Stop_DMA), (268 bytes).
    Removing stm32f1xx_hal_tim.o(i.HAL_TIM_PWM_Stop_IT), (244 bytes).
    Removing stm32f1xx_hal_tim.o(i.HAL_TIM_PeriodElapsedCallback), (2 bytes).
    Removing stm32f1xx_hal_tim.o(i.HAL_TIM_PeriodElapsedHalfCpltCallback), (2 bytes).
    Removing stm32f1xx_hal_tim.o(i.HAL_TIM_ReadCapturedValue), (50 bytes).
    Removing stm32f1xx_hal_tim.o(i.HAL_TIM_SlaveConfigSynchro), (108 bytes).
    Removing stm32f1xx_hal_tim.o(i.HAL_TIM_SlaveConfigSynchro_IT), (108 bytes).
    Removing stm32f1xx_hal_tim.o(i.HAL_TIM_TriggerCallback), (2 bytes).
    Removing stm32f1xx_hal_tim.o(i.HAL_TIM_TriggerHalfCpltCallback), (2 bytes).
    Removing stm32f1xx_hal_tim.o(i.TIM_CCxChannelCmd), (34 bytes).
    Removing stm32f1xx_hal_tim.o(i.TIM_DMACaptureCplt), (122 bytes).
    Removing stm32f1xx_hal_tim.o(i.TIM_DMACaptureHalfCplt), (64 bytes).
    Removing stm32f1xx_hal_tim.o(i.TIM_DMADelayPulseCplt), (104 bytes).
    Removing stm32f1xx_hal_tim.o(i.TIM_DMADelayPulseHalfCplt), (64 bytes).
    Removing stm32f1xx_hal_tim.o(i.TIM_DMAError), (94 bytes).
    Removing stm32f1xx_hal_tim.o(i.TIM_DMAPeriodElapsedCplt), (26 bytes).
    Removing stm32f1xx_hal_tim.o(i.TIM_DMAPeriodElapsedHalfCplt), (14 bytes).
    Removing stm32f1xx_hal_tim.o(i.TIM_DMATriggerCplt), (26 bytes).
    Removing stm32f1xx_hal_tim.o(i.TIM_DMATriggerHalfCplt), (14 bytes).
    Removing stm32f1xx_hal_tim.o(i.TIM_OC1_SetConfig), (112 bytes).
    Removing stm32f1xx_hal_tim.o(i.TIM_OC2_SetConfig), (124 bytes).
    Removing stm32f1xx_hal_tim.o(i.TIM_OC3_SetConfig), (120 bytes).
    Removing stm32f1xx_hal_tim.o(i.TIM_OC4_SetConfig), (84 bytes).
    Removing stm32f1xx_hal_tim.o(i.TIM_SlaveTimer_SetConfig), (170 bytes).
    Removing stm32f1xx_hal_tim.o(i.TIM_TI1_SetConfig), (124 bytes).
    Removing stm32f1xx_hal_tim.o(i.TIM_TI2_SetConfig), (58 bytes).
    Removing stm32f1xx_hal_tim.o(i.TIM_TI3_SetConfig), (56 bytes).
    Removing stm32f1xx_hal_tim.o(i.TIM_TI4_SetConfig), (60 bytes).
    Removing stm32f1xx_hal_tim_ex.o(.rev16_text), (4 bytes).
    Removing stm32f1xx_hal_tim_ex.o(.revsh_text), (4 bytes).
    Removing stm32f1xx_hal_tim_ex.o(.rrx_text), (6 bytes).
    Removing stm32f1xx_hal_tim_ex.o(i.HAL_TIMEx_BreakCallback), (2 bytes).
    Removing stm32f1xx_hal_tim_ex.o(i.HAL_TIMEx_CommutCallback), (2 bytes).
    Removing stm32f1xx_hal_tim_ex.o(i.HAL_TIMEx_CommutHalfCpltCallback), (2 bytes).
    Removing stm32f1xx_hal_tim_ex.o(i.HAL_TIMEx_ConfigBreakDeadTime), (116 bytes).
    Removing stm32f1xx_hal_tim_ex.o(i.HAL_TIMEx_ConfigCommutEvent), (134 bytes).
    Removing stm32f1xx_hal_tim_ex.o(i.HAL_TIMEx_ConfigCommutEvent_DMA), (164 bytes).
    Removing stm32f1xx_hal_tim_ex.o(i.HAL_TIMEx_ConfigCommutEvent_IT), (134 bytes).
    Removing stm32f1xx_hal_tim_ex.o(i.HAL_TIMEx_GetChannelNState), (38 bytes).
    Removing stm32f1xx_hal_tim_ex.o(i.HAL_TIMEx_HallSensor_DeInit), (96 bytes).
    Removing stm32f1xx_hal_tim_ex.o(i.HAL_TIMEx_HallSensor_GetState), (8 bytes).
    Removing stm32f1xx_hal_tim_ex.o(i.HAL_TIMEx_HallSensor_Init), (234 bytes).
    Removing stm32f1xx_hal_tim_ex.o(i.HAL_TIMEx_HallSensor_MspDeInit), (2 bytes).
    Removing stm32f1xx_hal_tim_ex.o(i.HAL_TIMEx_HallSensor_MspInit), (2 bytes).
    Removing stm32f1xx_hal_tim_ex.o(i.HAL_TIMEx_HallSensor_Start), (192 bytes).
    Removing stm32f1xx_hal_tim_ex.o(i.HAL_TIMEx_HallSensor_Start_DMA), (256 bytes).
    Removing stm32f1xx_hal_tim_ex.o(i.HAL_TIMEx_HallSensor_Start_IT), (204 bytes).
    Removing stm32f1xx_hal_tim_ex.o(i.HAL_TIMEx_HallSensor_Stop), (78 bytes).
    Removing stm32f1xx_hal_tim_ex.o(i.HAL_TIMEx_HallSensor_Stop_DMA), (84 bytes).
    Removing stm32f1xx_hal_tim_ex.o(i.HAL_TIMEx_HallSensor_Stop_IT), (90 bytes).
    Removing stm32f1xx_hal_tim_ex.o(i.HAL_TIMEx_OCN_Start), (220 bytes).
    Removing stm32f1xx_hal_tim_ex.o(i.HAL_TIMEx_OCN_Start_DMA), (464 bytes).
    Removing stm32f1xx_hal_tim_ex.o(i.HAL_TIMEx_OCN_Start_IT), (288 bytes).
    Removing stm32f1xx_hal_tim_ex.o(i.HAL_TIMEx_OCN_Stop), (136 bytes).
    Removing stm32f1xx_hal_tim_ex.o(i.HAL_TIMEx_OCN_Stop_DMA), (212 bytes).
    Removing stm32f1xx_hal_tim_ex.o(i.HAL_TIMEx_OCN_Stop_IT), (218 bytes).
    Removing stm32f1xx_hal_tim_ex.o(i.HAL_TIMEx_OnePulseN_Start), (118 bytes).
    Removing stm32f1xx_hal_tim_ex.o(i.HAL_TIMEx_OnePulseN_Start_IT), (142 bytes).
    Removing stm32f1xx_hal_tim_ex.o(i.HAL_TIMEx_OnePulseN_Stop), (138 bytes).
    Removing stm32f1xx_hal_tim_ex.o(i.HAL_TIMEx_OnePulseN_Stop_IT), (162 bytes).
    Removing stm32f1xx_hal_tim_ex.o(i.HAL_TIMEx_PWMN_Start), (220 bytes).
    Removing stm32f1xx_hal_tim_ex.o(i.HAL_TIMEx_PWMN_Start_DMA), (464 bytes).
    Removing stm32f1xx_hal_tim_ex.o(i.HAL_TIMEx_PWMN_Start_IT), (288 bytes).
    Removing stm32f1xx_hal_tim_ex.o(i.HAL_TIMEx_PWMN_Stop), (136 bytes).
    Removing stm32f1xx_hal_tim_ex.o(i.HAL_TIMEx_PWMN_Stop_DMA), (212 bytes).
    Removing stm32f1xx_hal_tim_ex.o(i.HAL_TIMEx_PWMN_Stop_IT), (218 bytes).
    Removing stm32f1xx_hal_tim_ex.o(i.HAL_TIMEx_RemapConfig), (6 bytes).
    Removing stm32f1xx_hal_tim_ex.o(i.TIMEx_DMACommutationCplt), (20 bytes).
    Removing stm32f1xx_hal_tim_ex.o(i.TIMEx_DMACommutationHalfCplt), (20 bytes).
    Removing stm32f1xx_hal_tim_ex.o(i.TIM_CCxNChannelCmd), (34 bytes).
    Removing stm32f1xx_hal_tim_ex.o(i.TIM_DMADelayPulseNCplt), (104 bytes).
    Removing stm32f1xx_hal_tim_ex.o(i.TIM_DMAErrorCCxN), (68 bytes).
    Removing stm32f1xx_hal_uart.o(.rev16_text), (4 bytes).
    Removing stm32f1xx_hal_uart.o(.revsh_text), (4 bytes).
    Removing stm32f1xx_hal_uart.o(.rrx_text), (6 bytes).
    Removing stm32f1xx_hal_uart.o(i.HAL_HalfDuplex_EnableReceiver), (68 bytes).
    Removing stm32f1xx_hal_uart.o(i.HAL_HalfDuplex_EnableTransmitter), (68 bytes).
    Removing stm32f1xx_hal_uart.o(i.HAL_HalfDuplex_Init), (118 bytes).
    Removing stm32f1xx_hal_uart.o(i.HAL_LIN_Init), (142 bytes).
    Removing stm32f1xx_hal_uart.o(i.HAL_LIN_SendBreak), (62 bytes).
    Removing stm32f1xx_hal_uart.o(i.HAL_MultiProcessor_EnterMuteMode), (62 bytes).
    Removing stm32f1xx_hal_uart.o(i.HAL_MultiProcessor_ExitMuteMode), (62 bytes).
    Removing stm32f1xx_hal_uart.o(i.HAL_MultiProcessor_Init), (154 bytes).
    Removing stm32f1xx_hal_uart.o(i.HAL_UARTEx_ReceiveToIdle), (320 bytes).
    Removing stm32f1xx_hal_uart.o(i.HAL_UARTEx_ReceiveToIdle_DMA), (114 bytes).
    Removing stm32f1xx_hal_uart.o(i.HAL_UARTEx_ReceiveToIdle_IT), (114 bytes).
    Removing stm32f1xx_hal_uart.o(i.HAL_UARTEx_RxEventCallback), (2 bytes).
    Removing stm32f1xx_hal_uart.o(i.HAL_UART_Abort), (188 bytes).
    Removing stm32f1xx_hal_uart.o(i.HAL_UART_AbortCpltCallback), (2 bytes).
    Removing stm32f1xx_hal_uart.o(i.HAL_UART_AbortReceive), (122 bytes).
    Removing stm32f1xx_hal_uart.o(i.HAL_UART_AbortReceiveCpltCallback), (2 bytes).
    Removing stm32f1xx_hal_uart.o(i.HAL_UART_AbortReceive_IT), (144 bytes).
    Removing stm32f1xx_hal_uart.o(i.HAL_UART_AbortTransmit), (88 bytes).
    Removing stm32f1xx_hal_uart.o(i.HAL_UART_AbortTransmitCpltCallback), (2 bytes).
    Removing stm32f1xx_hal_uart.o(i.HAL_UART_AbortTransmit_IT), (108 bytes).
    Removing stm32f1xx_hal_uart.o(i.HAL_UART_Abort_IT), (240 bytes).
    Removing stm32f1xx_hal_uart.o(i.HAL_UART_DMAPause), (124 bytes).
    Removing stm32f1xx_hal_uart.o(i.HAL_UART_DMAResume), (126 bytes).
    Removing stm32f1xx_hal_uart.o(i.HAL_UART_DMAStop), (102 bytes).
    Removing stm32f1xx_hal_uart.o(i.HAL_UART_DeInit), (60 bytes).
    Removing stm32f1xx_hal_uart.o(i.HAL_UART_ErrorCallback), (2 bytes).
    Removing stm32f1xx_hal_uart.o(i.HAL_UART_GetError), (6 bytes).
    Removing stm32f1xx_hal_uart.o(i.HAL_UART_GetState), (20 bytes).
    Removing stm32f1xx_hal_uart.o(i.HAL_UART_IRQHandler), (588 bytes).
    Removing stm32f1xx_hal_uart.o(i.HAL_UART_MspDeInit), (2 bytes).
    Removing stm32f1xx_hal_uart.o(i.HAL_UART_MspInit), (2 bytes).
    Removing stm32f1xx_hal_uart.o(i.HAL_UART_Receive), (220 bytes).
    Removing stm32f1xx_hal_uart.o(i.HAL_UART_Receive_DMA), (66 bytes).
    Removing stm32f1xx_hal_uart.o(i.HAL_UART_Receive_IT), (66 bytes).
    Removing stm32f1xx_hal_uart.o(i.HAL_UART_RxCpltCallback), (2 bytes).
    Removing stm32f1xx_hal_uart.o(i.HAL_UART_RxHalfCpltCallback), (2 bytes).
    Removing stm32f1xx_hal_uart.o(i.HAL_UART_Transmit_DMA), (156 bytes).
    Removing stm32f1xx_hal_uart.o(i.HAL_UART_Transmit_IT), (88 bytes).
    Removing stm32f1xx_hal_uart.o(i.HAL_UART_TxCpltCallback), (2 bytes).
    Removing stm32f1xx_hal_uart.o(i.HAL_UART_TxHalfCpltCallback), (2 bytes).
    Removing stm32f1xx_hal_uart.o(i.UART_DMAAbortOnError), (20 bytes).
    Removing stm32f1xx_hal_uart.o(i.UART_DMAError), (80 bytes).
    Removing stm32f1xx_hal_uart.o(i.UART_DMAReceiveCplt), (104 bytes).
    Removing stm32f1xx_hal_uart.o(i.UART_DMARxAbortCallback), (56 bytes).
    Removing stm32f1xx_hal_uart.o(i.UART_DMARxHalfCplt), (32 bytes).
    Removing stm32f1xx_hal_uart.o(i.UART_DMARxOnlyAbortCallback), (28 bytes).
    Removing stm32f1xx_hal_uart.o(i.UART_DMATransmitCplt), (54 bytes).
    Removing stm32f1xx_hal_uart.o(i.UART_DMATxAbortCallback), (56 bytes).
    Removing stm32f1xx_hal_uart.o(i.UART_DMATxHalfCplt), (14 bytes).
    Removing stm32f1xx_hal_uart.o(i.UART_DMATxOnlyAbortCallback), (24 bytes).
    Removing stm32f1xx_hal_uart.o(i.UART_EndRxTransfer), (54 bytes).
    Removing stm32f1xx_hal_uart.o(i.UART_EndTransmit_IT), (32 bytes).
    Removing stm32f1xx_hal_uart.o(i.UART_EndTxTransfer), (20 bytes).
    Removing stm32f1xx_hal_uart.o(i.UART_Receive_IT), (228 bytes).
    Removing stm32f1xx_hal_uart.o(i.UART_Start_Receive_DMA), (152 bytes).
    Removing stm32f1xx_hal_uart.o(i.UART_Start_Receive_IT), (70 bytes).
    Removing stm32f1xx_hal_uart.o(i.UART_Transmit_IT), (96 bytes).
    Removing system_stm32f1xx.o(.rev16_text), (4 bytes).
    Removing system_stm32f1xx.o(.revsh_text), (4 bytes).
    Removing system_stm32f1xx.o(.rrx_text), (6 bytes).
    Removing system_stm32f1xx.o(i.SystemCoreClockUpdate), (164 bytes).
    Removing ad7794.o(.rev16_text), (4 bytes).
    Removing ad7794.o(.revsh_text), (4 bytes).
    Removing ad7794.o(.rrx_text), (6 bytes).
    Removing ad7794.o(i.AD7794_Configuration), (232 bytes).
    Removing ad7794.o(i.AD7794_IO), (184 bytes).
    Removing ad7794.o(i.AD7794_Mode), (196 bytes).
    Removing ad7794.o(i.AD7794_Reset), (188 bytes).
    Removing algorithm.o(.rev16_text), (4 bytes).
    Removing algorithm.o(.revsh_text), (4 bytes).
    Removing algorithm.o(.rrx_text), (6 bytes).

469 unused section(s) (total 43138 bytes) removed from the image.

==============================================================================

Image Symbol Table

    Local Symbols

    Symbol Name                              Value     Ov Type        Size  Object(Section)

    ../Core/Src/gpio.c                       0x00000000   Number         0  gpio.o ABSOLUTE
    ../Core/Src/main.c                       0x00000000   Number         0  main.o ABSOLUTE
    ../Core/Src/spi.c                        0x00000000   Number         0  spi.o ABSOLUTE
    ../Core/Src/stm32f1xx_hal_msp.c          0x00000000   Number         0  stm32f1xx_hal_msp.o ABSOLUTE
    ../Core/Src/stm32f1xx_it.c               0x00000000   Number         0  stm32f1xx_it.o ABSOLUTE
    ../Core/Src/system_stm32f1xx.c           0x00000000   Number         0  system_stm32f1xx.o ABSOLUTE
    ../Core/Src/tim.c                        0x00000000   Number         0  tim.o ABSOLUTE
    ../Core/Src/usart.c                      0x00000000   Number         0  usart.o ABSOLUTE
    ../Drivers/STM32F1xx_HAL_Driver/Src/stm32f1xx_hal.c 0x00000000   Number         0  stm32f1xx_hal.o ABSOLUTE
    ../Drivers/STM32F1xx_HAL_Driver/Src/stm32f1xx_hal_cortex.c 0x00000000   Number         0  stm32f1xx_hal_cortex.o ABSOLUTE
    ../Drivers/STM32F1xx_HAL_Driver/Src/stm32f1xx_hal_dma.c 0x00000000   Number         0  stm32f1xx_hal_dma.o ABSOLUTE
    ../Drivers/STM32F1xx_HAL_Driver/Src/stm32f1xx_hal_exti.c 0x00000000   Number         0  stm32f1xx_hal_exti.o ABSOLUTE
    ../Drivers/STM32F1xx_HAL_Driver/Src/stm32f1xx_hal_flash.c 0x00000000   Number         0  stm32f1xx_hal_flash.o ABSOLUTE
    ../Drivers/STM32F1xx_HAL_Driver/Src/stm32f1xx_hal_flash_ex.c 0x00000000   Number         0  stm32f1xx_hal_flash_ex.o ABSOLUTE
    ../Drivers/STM32F1xx_HAL_Driver/Src/stm32f1xx_hal_gpio.c 0x00000000   Number         0  stm32f1xx_hal_gpio.o ABSOLUTE
    ../Drivers/STM32F1xx_HAL_Driver/Src/stm32f1xx_hal_gpio_ex.c 0x00000000   Number         0  stm32f1xx_hal_gpio_ex.o ABSOLUTE
    ../Drivers/STM32F1xx_HAL_Driver/Src/stm32f1xx_hal_pwr.c 0x00000000   Number         0  stm32f1xx_hal_pwr.o ABSOLUTE
    ../Drivers/STM32F1xx_HAL_Driver/Src/stm32f1xx_hal_rcc.c 0x00000000   Number         0  stm32f1xx_hal_rcc.o ABSOLUTE
    ../Drivers/STM32F1xx_HAL_Driver/Src/stm32f1xx_hal_rcc_ex.c 0x00000000   Number         0  stm32f1xx_hal_rcc_ex.o ABSOLUTE
    ../Drivers/STM32F1xx_HAL_Driver/Src/stm32f1xx_hal_spi.c 0x00000000   Number         0  stm32f1xx_hal_spi.o ABSOLUTE
    ../Drivers/STM32F1xx_HAL_Driver/Src/stm32f1xx_hal_tim.c 0x00000000   Number         0  stm32f1xx_hal_tim.o ABSOLUTE
    ../Drivers/STM32F1xx_HAL_Driver/Src/stm32f1xx_hal_tim_ex.c 0x00000000   Number         0  stm32f1xx_hal_tim_ex.o ABSOLUTE
    ../Drivers/STM32F1xx_HAL_Driver/Src/stm32f1xx_hal_uart.c 0x00000000   Number         0  stm32f1xx_hal_uart.o ABSOLUTE
    ../clib/microlib/division.c              0x00000000   Number         0  uldiv.o ABSOLUTE
    ../clib/microlib/division.c              0x00000000   Number         0  uidiv.o ABSOLUTE
    ../clib/microlib/init/entry.s            0x00000000   Number         0  entry.o ABSOLUTE
    ../clib/microlib/init/entry.s            0x00000000   Number         0  entry10b.o ABSOLUTE
    ../clib/microlib/init/entry.s            0x00000000   Number         0  entry9b.o ABSOLUTE
    ../clib/microlib/init/entry.s            0x00000000   Number         0  entry10a.o ABSOLUTE
    ../clib/microlib/init/entry.s            0x00000000   Number         0  entry9a.o ABSOLUTE
    ../clib/microlib/init/entry.s            0x00000000   Number         0  entry12b.o ABSOLUTE
    ../clib/microlib/init/entry.s            0x00000000   Number         0  entry2.o ABSOLUTE
    ../clib/microlib/init/entry.s            0x00000000   Number         0  entry12a.o ABSOLUTE
    ../clib/microlib/init/entry.s            0x00000000   Number         0  entry5.o ABSOLUTE
    ../clib/microlib/init/entry.s            0x00000000   Number         0  entry7a.o ABSOLUTE
    ../clib/microlib/init/entry.s            0x00000000   Number         0  entry7b.o ABSOLUTE
    ../clib/microlib/init/entry.s            0x00000000   Number         0  entry11b.o ABSOLUTE
    ../clib/microlib/init/entry.s            0x00000000   Number         0  entry8a.o ABSOLUTE
    ../clib/microlib/init/entry.s            0x00000000   Number         0  entry11a.o ABSOLUTE
    ../clib/microlib/init/entry.s            0x00000000   Number         0  entry8b.o ABSOLUTE
    ../clib/microlib/longlong.c              0x00000000   Number         0  llsshr.o ABSOLUTE
    ../clib/microlib/longlong.c              0x00000000   Number         0  llshl.o ABSOLUTE
    ../clib/microlib/longlong.c              0x00000000   Number         0  llushr.o ABSOLUTE
    ../clib/microlib/printf/printf.c         0x00000000   Number         0  printfa.o ABSOLUTE
    ../clib/microlib/printf/printf.c         0x00000000   Number         0  printfb.o ABSOLUTE
    ../clib/microlib/printf/printf.c         0x00000000   Number         0  printf8.o ABSOLUTE
    ../clib/microlib/printf/printf.c         0x00000000   Number         0  printf7.o ABSOLUTE
    ../clib/microlib/printf/printf.c         0x00000000   Number         0  printf6.o ABSOLUTE
    ../clib/microlib/printf/printf.c         0x00000000   Number         0  printf5.o ABSOLUTE
    ../clib/microlib/printf/printf.c         0x00000000   Number         0  printf4.o ABSOLUTE
    ../clib/microlib/printf/printf.c         0x00000000   Number         0  printf3.o ABSOLUTE
    ../clib/microlib/printf/printf.c         0x00000000   Number         0  printf2.o ABSOLUTE
    ../clib/microlib/printf/printf.c         0x00000000   Number         0  printf0.o ABSOLUTE
    ../clib/microlib/printf/printf.c         0x00000000   Number         0  printf1.o ABSOLUTE
    ../clib/microlib/printf/stubs.s          0x00000000   Number         0  stubs.o ABSOLUTE
    ../clib/microlib/stdio/streams.c         0x00000000   Number         0  stdout.o ABSOLUTE
    ../clib/microlib/string/memset.c         0x00000000   Number         0  memseta.o ABSOLUTE
    ../clib/microlib/stubs.s                 0x00000000   Number         0  iusefp.o ABSOLUTE
    ../fplib/microlib/d2f.c                  0x00000000   Number         0  d2f.o ABSOLUTE
    ../fplib/microlib/f2d.c                  0x00000000   Number         0  f2d.o ABSOLUTE
    ../fplib/microlib/fpadd.c                0x00000000   Number         0  dadd.o ABSOLUTE
    ../fplib/microlib/fpadd.c                0x00000000   Number         0  fadd.o ABSOLUTE
    ../fplib/microlib/fpdiv.c                0x00000000   Number         0  ddiv.o ABSOLUTE
    ../fplib/microlib/fpdiv.c                0x00000000   Number         0  fdiv.o ABSOLUTE
    ../fplib/microlib/fpepilogue.c           0x00000000   Number         0  fepilogue.o ABSOLUTE
    ../fplib/microlib/fpepilogue.c           0x00000000   Number         0  depilogue.o ABSOLUTE
    ../fplib/microlib/fpfix.c                0x00000000   Number         0  dfixul.o ABSOLUTE
    ../fplib/microlib/fpflt.c                0x00000000   Number         0  dfltui.o ABSOLUTE
    ../fplib/microlib/fpflt.c                0x00000000   Number         0  ffltui.o ABSOLUTE
    ../fplib/microlib/fpmul.c                0x00000000   Number         0  dmul.o ABSOLUTE
    ../fplib/microlib/fpmul.c                0x00000000   Number         0  fmul.o ABSOLUTE
    ..\BSP\AD7794.c                          0x00000000   Number         0  ad7794.o ABSOLUTE
    ..\BSP\ALGORITHM.c                       0x00000000   Number         0  algorithm.o ABSOLUTE
    ..\Core\Src\gpio.c                       0x00000000   Number         0  gpio.o ABSOLUTE
    ..\Core\Src\main.c                       0x00000000   Number         0  main.o ABSOLUTE
    ..\Core\Src\spi.c                        0x00000000   Number         0  spi.o ABSOLUTE
    ..\Core\Src\stm32f1xx_hal_msp.c          0x00000000   Number         0  stm32f1xx_hal_msp.o ABSOLUTE
    ..\Core\Src\stm32f1xx_it.c               0x00000000   Number         0  stm32f1xx_it.o ABSOLUTE
    ..\Core\Src\system_stm32f1xx.c           0x00000000   Number         0  system_stm32f1xx.o ABSOLUTE
    ..\Core\Src\tim.c                        0x00000000   Number         0  tim.o ABSOLUTE
    ..\Core\Src\usart.c                      0x00000000   Number         0  usart.o ABSOLUTE
    ..\Drivers\STM32F1xx_HAL_Driver\Src\stm32f1xx_hal.c 0x00000000   Number         0  stm32f1xx_hal.o ABSOLUTE
    ..\Drivers\STM32F1xx_HAL_Driver\Src\stm32f1xx_hal_cortex.c 0x00000000   Number         0  stm32f1xx_hal_cortex.o ABSOLUTE
    ..\Drivers\STM32F1xx_HAL_Driver\Src\stm32f1xx_hal_dma.c 0x00000000   Number         0  stm32f1xx_hal_dma.o ABSOLUTE
    ..\Drivers\STM32F1xx_HAL_Driver\Src\stm32f1xx_hal_exti.c 0x00000000   Number         0  stm32f1xx_hal_exti.o ABSOLUTE
    ..\Drivers\STM32F1xx_HAL_Driver\Src\stm32f1xx_hal_flash.c 0x00000000   Number         0  stm32f1xx_hal_flash.o ABSOLUTE
    ..\Drivers\STM32F1xx_HAL_Driver\Src\stm32f1xx_hal_flash_ex.c 0x00000000   Number         0  stm32f1xx_hal_flash_ex.o ABSOLUTE
    ..\Drivers\STM32F1xx_HAL_Driver\Src\stm32f1xx_hal_gpio.c 0x00000000   Number         0  stm32f1xx_hal_gpio.o ABSOLUTE
    ..\Drivers\STM32F1xx_HAL_Driver\Src\stm32f1xx_hal_gpio_ex.c 0x00000000   Number         0  stm32f1xx_hal_gpio_ex.o ABSOLUTE
    ..\Drivers\STM32F1xx_HAL_Driver\Src\stm32f1xx_hal_pwr.c 0x00000000   Number         0  stm32f1xx_hal_pwr.o ABSOLUTE
    ..\Drivers\STM32F1xx_HAL_Driver\Src\stm32f1xx_hal_rcc.c 0x00000000   Number         0  stm32f1xx_hal_rcc.o ABSOLUTE
    ..\Drivers\STM32F1xx_HAL_Driver\Src\stm32f1xx_hal_rcc_ex.c 0x00000000   Number         0  stm32f1xx_hal_rcc_ex.o ABSOLUTE
    ..\Drivers\STM32F1xx_HAL_Driver\Src\stm32f1xx_hal_spi.c 0x00000000   Number         0  stm32f1xx_hal_spi.o ABSOLUTE
    ..\Drivers\STM32F1xx_HAL_Driver\Src\stm32f1xx_hal_tim.c 0x00000000   Number         0  stm32f1xx_hal_tim.o ABSOLUTE
    ..\Drivers\STM32F1xx_HAL_Driver\Src\stm32f1xx_hal_tim_ex.c 0x00000000   Number         0  stm32f1xx_hal_tim_ex.o ABSOLUTE
    ..\Drivers\STM32F1xx_HAL_Driver\Src\stm32f1xx_hal_uart.c 0x00000000   Number         0  stm32f1xx_hal_uart.o ABSOLUTE
    ..\\BSP\\AD7794.c                        0x00000000   Number         0  ad7794.o ABSOLUTE
    ..\\BSP\\ALGORITHM.c                     0x00000000   Number         0  algorithm.o ABSOLUTE
    cdrcmple.s                               0x00000000   Number         0  cdrcmple.o ABSOLUTE
    cfcmple.s                                0x00000000   Number         0  cfcmple.o ABSOLUTE
    cfrcmple.s                               0x00000000   Number         0  cfrcmple.o ABSOLUTE
    dc.s                                     0x00000000   Number         0  dc.o ABSOLUTE
    handlers.s                               0x00000000   Number         0  handlers.o ABSOLUTE
    init.s                                   0x00000000   Number         0  init.o ABSOLUTE
    startup_stm32f103xe.s                    0x00000000   Number         0  startup_stm32f103xe.o ABSOLUTE
    RESET                                    0x08000000   Section      304  startup_stm32f103xe.o(RESET)
    .ARM.Collect$$$$00000000                 0x08000130   Section        0  entry.o(.ARM.Collect$$$$00000000)
    .ARM.Collect$$$$00000001                 0x08000130   Section        4  entry2.o(.ARM.Collect$$$$00000001)
    .ARM.Collect$$$$00000004                 0x08000134   Section        4  entry5.o(.ARM.Collect$$$$00000004)
    .ARM.Collect$$$$00000008                 0x08000138   Section        0  entry7b.o(.ARM.Collect$$$$00000008)
    .ARM.Collect$$$$0000000A                 0x08000138   Section        0  entry8b.o(.ARM.Collect$$$$0000000A)
    .ARM.Collect$$$$0000000B                 0x08000138   Section        8  entry9a.o(.ARM.Collect$$$$0000000B)
    .ARM.Collect$$$$0000000E                 0x08000140   Section        4  entry12b.o(.ARM.Collect$$$$0000000E)
    .ARM.Collect$$$$0000000F                 0x08000144   Section        0  entry10a.o(.ARM.Collect$$$$0000000F)
    .ARM.Collect$$$$00000011                 0x08000144   Section        0  entry11a.o(.ARM.Collect$$$$00000011)
    .ARM.Collect$$$$00002712                 0x08000144   Section        4  entry2.o(.ARM.Collect$$$$00002712)
    __lit__00000000                          0x08000144   Data           4  entry2.o(.ARM.Collect$$$$00002712)
    .text                                    0x08000148   Section       36  startup_stm32f103xe.o(.text)
    .text                                    0x0800016c   Section        0  uldiv.o(.text)
    .text                                    0x080001ce   Section        0  llushr.o(.text)
    .text                                    0x080001ee   Section        0  memseta.o(.text)
    .text                                    0x08000212   Section        0  fadd.o(.text)
    .text                                    0x080002c2   Section        0  fmul.o(.text)
    .text                                    0x08000326   Section        0  fdiv.o(.text)
    .text                                    0x080003a2   Section        0  dmul.o(.text)
    .text                                    0x08000486   Section        0  ffltui.o(.text)
    .text                                    0x08000490   Section        0  dfltui.o(.text)
    .text                                    0x080004aa   Section        0  f2d.o(.text)
    .text                                    0x080004d0   Section        0  d2f.o(.text)
    .text                                    0x08000508   Section       20  cfcmple.o(.text)
    .text                                    0x0800051c   Section       20  cfrcmple.o(.text)
    .text                                    0x08000530   Section        0  uidiv.o(.text)
    .text                                    0x0800055c   Section        0  llshl.o(.text)
    .text                                    0x0800057a   Section        0  fepilogue.o(.text)
    .text                                    0x0800057a   Section        0  iusefp.o(.text)
    .text                                    0x080005e8   Section        0  depilogue.o(.text)
    .text                                    0x080006a2   Section        0  dadd.o(.text)
    .text                                    0x080007f0   Section        0  ddiv.o(.text)
    .text                                    0x080008ce   Section        0  dfixul.o(.text)
    .text                                    0x08000900   Section       48  cdrcmple.o(.text)
    .text                                    0x08000930   Section       36  init.o(.text)
    .text                                    0x08000954   Section        0  llsshr.o(.text)
    i.AD7794_Code_To_Res                     0x08000978   Section        0  ad7794.o(i.AD7794_Code_To_Res)
    i.AD7794_GetStatus                       0x080009d8   Section        0  ad7794.o(i.AD7794_GetStatus)
    i.AD7794_Get_Code                        0x08000a9c   Section        0  ad7794.o(i.AD7794_Get_Code)
    i.AD7794_Init                            0x08000b78   Section        0  ad7794.o(i.AD7794_Init)
    i.BusFault_Handler                       0x08000c24   Section        0  stm32f1xx_it.o(i.BusFault_Handler)
    i.DebugMon_Handler                       0x08000c28   Section        0  stm32f1xx_it.o(i.DebugMon_Handler)
    i.Error_Handler                          0x08000c2a   Section        0  main.o(i.Error_Handler)
    i.HAL_Delay                              0x08000c30   Section        0  stm32f1xx_hal.o(i.HAL_Delay)
    i.HAL_GPIO_Init                          0x08000c58   Section        0  stm32f1xx_hal_gpio.o(i.HAL_GPIO_Init)
    i.HAL_GPIO_WritePin                      0x08000f98   Section        0  stm32f1xx_hal_gpio.o(i.HAL_GPIO_WritePin)
    i.HAL_GetTick                            0x08000fa4   Section        0  stm32f1xx_hal.o(i.HAL_GetTick)
    i.HAL_IncTick                            0x08000fb0   Section        0  stm32f1xx_hal.o(i.HAL_IncTick)
    i.HAL_Init                               0x08000fc8   Section        0  stm32f1xx_hal.o(i.HAL_Init)
    i.HAL_InitTick                           0x08000ff0   Section        0  stm32f1xx_hal.o(i.HAL_InitTick)
    i.HAL_MspInit                            0x0800103c   Section        0  stm32f1xx_hal_msp.o(i.HAL_MspInit)
    i.HAL_NVIC_SetPriority                   0x08001090   Section        0  stm32f1xx_hal_cortex.o(i.HAL_NVIC_SetPriority)
    i.HAL_NVIC_SetPriorityGrouping           0x0800110c   Section        0  stm32f1xx_hal_cortex.o(i.HAL_NVIC_SetPriorityGrouping)
    i.HAL_RCC_ClockConfig                    0x08001134   Section        0  stm32f1xx_hal_rcc.o(i.HAL_RCC_ClockConfig)
    i.HAL_RCC_GetHCLKFreq                    0x080012c0   Section        0  stm32f1xx_hal_rcc.o(i.HAL_RCC_GetHCLKFreq)
    i.HAL_RCC_GetPCLK1Freq                   0x080012cc   Section        0  stm32f1xx_hal_rcc.o(i.HAL_RCC_GetPCLK1Freq)
    i.HAL_RCC_GetPCLK2Freq                   0x080012ec   Section        0  stm32f1xx_hal_rcc.o(i.HAL_RCC_GetPCLK2Freq)
    i.HAL_RCC_GetSysClockFreq                0x0800130c   Section        0  stm32f1xx_hal_rcc.o(i.HAL_RCC_GetSysClockFreq)
    i.HAL_RCC_OscConfig                      0x080013a0   Section        0  stm32f1xx_hal_rcc.o(i.HAL_RCC_OscConfig)
    i.HAL_SPI_Init                           0x08001804   Section        0  stm32f1xx_hal_spi.o(i.HAL_SPI_Init)
    i.HAL_SPI_MspInit                        0x080018c4   Section        0  spi.o(i.HAL_SPI_MspInit)
    i.HAL_SPI_TransmitReceive                0x08001950   Section        0  stm32f1xx_hal_spi.o(i.HAL_SPI_TransmitReceive)
    i.HAL_SYSTICK_Config                     0x08001b7a   Section        0  stm32f1xx_hal_cortex.o(i.HAL_SYSTICK_Config)
    i.HAL_TIMEx_MasterConfigSynchronization  0x08001bb0   Section        0  stm32f1xx_hal_tim_ex.o(i.HAL_TIMEx_MasterConfigSynchronization)
    i.HAL_TIM_Base_Init                      0x08001c4c   Section        0  stm32f1xx_hal_tim.o(i.HAL_TIM_Base_Init)
    i.HAL_TIM_Base_MspInit                   0x08001cb4   Section        0  tim.o(i.HAL_TIM_Base_MspInit)
    i.HAL_TIM_ConfigClockSource              0x08001ce4   Section        0  stm32f1xx_hal_tim.o(i.HAL_TIM_ConfigClockSource)
    i.HAL_UART_Init                          0x08001dec   Section        0  stm32f1xx_hal_uart.o(i.HAL_UART_Init)
    i.HAL_UART_MspInit                       0x08001e60   Section        0  usart.o(i.HAL_UART_MspInit)
    i.HAL_UART_Transmit                      0x08001ee8   Section        0  stm32f1xx_hal_uart.o(i.HAL_UART_Transmit)
    i.HardFault_Handler                      0x08001fba   Section        0  stm32f1xx_it.o(i.HardFault_Handler)
    i.MX_GPIO_Init                           0x08001fc0   Section        0  gpio.o(i.MX_GPIO_Init)
    i.MX_SPI2_Init                           0x0800204c   Section        0  spi.o(i.MX_SPI2_Init)
    i.MX_TIM5_Init                           0x08002094   Section        0  tim.o(i.MX_TIM5_Init)
    i.MX_USART1_UART_Init                    0x08002100   Section        0  usart.o(i.MX_USART1_UART_Init)
    i.MemManage_Handler                      0x08002138   Section        0  stm32f1xx_it.o(i.MemManage_Handler)
    i.NMI_Handler                            0x0800213c   Section        0  stm32f1xx_it.o(i.NMI_Handler)
    i.PendSV_Handler                         0x08002140   Section        0  stm32f1xx_it.o(i.PendSV_Handler)
    i.RCC_Delay                              0x08002144   Section        0  stm32f1xx_hal_rcc.o(i.RCC_Delay)
    RCC_Delay                                0x08002145   Thumb Code    36  stm32f1xx_hal_rcc.o(i.RCC_Delay)
    i.SPI_EndRxTxTransaction                 0x0800216c   Section        0  stm32f1xx_hal_spi.o(i.SPI_EndRxTxTransaction)
    SPI_EndRxTxTransaction                   0x0800216d   Thumb Code    40  stm32f1xx_hal_spi.o(i.SPI_EndRxTxTransaction)
    i.SPI_ReadWriteByte                      0x08002194   Section        0  ad7794.o(i.SPI_ReadWriteByte)
    i.SPI_WaitFlagStateUntilTimeout          0x080021b4   Section        0  stm32f1xx_hal_spi.o(i.SPI_WaitFlagStateUntilTimeout)
    SPI_WaitFlagStateUntilTimeout            0x080021b5   Thumb Code   210  stm32f1xx_hal_spi.o(i.SPI_WaitFlagStateUntilTimeout)
    i.SVC_Handler                            0x0800228c   Section        0  stm32f1xx_it.o(i.SVC_Handler)
    i.SysTick_Handler                        0x0800228e   Section        0  stm32f1xx_it.o(i.SysTick_Handler)
    i.SystemClock_Config                     0x08002296   Section        0  main.o(i.SystemClock_Config)
    i.SystemInit                             0x080022f2   Section        0  system_stm32f1xx.o(i.SystemInit)
    i.TIM_Base_SetConfig                     0x080022f4   Section        0  stm32f1xx_hal_tim.o(i.TIM_Base_SetConfig)
    i.TIM_ETR_SetConfig                      0x08002390   Section        0  stm32f1xx_hal_tim.o(i.TIM_ETR_SetConfig)
    i.TIM_ITRx_SetConfig                     0x080023a6   Section        0  stm32f1xx_hal_tim.o(i.TIM_ITRx_SetConfig)
    TIM_ITRx_SetConfig                       0x080023a7   Thumb Code    18  stm32f1xx_hal_tim.o(i.TIM_ITRx_SetConfig)
    i.TIM_TI1_ConfigInputStage               0x080023b8   Section        0  stm32f1xx_hal_tim.o(i.TIM_TI1_ConfigInputStage)
    TIM_TI1_ConfigInputStage                 0x080023b9   Thumb Code    38  stm32f1xx_hal_tim.o(i.TIM_TI1_ConfigInputStage)
    i.TIM_TI2_ConfigInputStage               0x080023de   Section        0  stm32f1xx_hal_tim.o(i.TIM_TI2_ConfigInputStage)
    TIM_TI2_ConfigInputStage                 0x080023df   Thumb Code    40  stm32f1xx_hal_tim.o(i.TIM_TI2_ConfigInputStage)
    i.UART_SetConfig                         0x08002408   Section        0  stm32f1xx_hal_uart.o(i.UART_SetConfig)
    UART_SetConfig                           0x08002409   Thumb Code   248  stm32f1xx_hal_uart.o(i.UART_SetConfig)
    i.UART_WaitOnFlagUntilTimeout            0x08002504   Section        0  stm32f1xx_hal_uart.o(i.UART_WaitOnFlagUntilTimeout)
    UART_WaitOnFlagUntilTimeout              0x08002505   Thumb Code   108  stm32f1xx_hal_uart.o(i.UART_WaitOnFlagUntilTimeout)
    i.UsageFault_Handler                     0x08002570   Section        0  stm32f1xx_it.o(i.UsageFault_Handler)
    i.__0printf                              0x08002574   Section        0  printfa.o(i.__0printf)
    i.__NVIC_GetPriorityGrouping             0x08002594   Section        0  stm32f1xx_hal_cortex.o(i.__NVIC_GetPriorityGrouping)
    __NVIC_GetPriorityGrouping               0x08002595   Thumb Code    10  stm32f1xx_hal_cortex.o(i.__NVIC_GetPriorityGrouping)
    i.__NVIC_SetPriority                     0x080025a4   Section        0  stm32f1xx_hal_cortex.o(i.__NVIC_SetPriority)
    __NVIC_SetPriority                       0x080025a5   Thumb Code    32  stm32f1xx_hal_cortex.o(i.__NVIC_SetPriority)
    i.__scatterload_copy                     0x080025cc   Section       14  handlers.o(i.__scatterload_copy)
    i.__scatterload_null                     0x080025da   Section        2  handlers.o(i.__scatterload_null)
    i.__scatterload_zeroinit                 0x080025dc   Section       14  handlers.o(i.__scatterload_zeroinit)
    i._fp_digits                             0x080025ec   Section        0  printfa.o(i._fp_digits)
    _fp_digits                               0x080025ed   Thumb Code   366  printfa.o(i._fp_digits)
    i._printf_core                           0x08002770   Section        0  printfa.o(i._printf_core)
    _printf_core                             0x08002771   Thumb Code  1704  printfa.o(i._printf_core)
    i._printf_post_padding                   0x08002e24   Section        0  printfa.o(i._printf_post_padding)
    _printf_post_padding                     0x08002e25   Thumb Code    36  printfa.o(i._printf_post_padding)
    i._printf_pre_padding                    0x08002e48   Section        0  printfa.o(i._printf_pre_padding)
    _printf_pre_padding                      0x08002e49   Thumb Code    46  printfa.o(i._printf_pre_padding)
    i.binary_search                          0x08002e76   Section        0  algorithm.o(i.binary_search)
    i.delay_us                               0x08002ed0   Section        0  ad7794.o(i.delay_us)
    i.fputc                                  0x08002f28   Section        0  usart.o(i.fputc)
    i.main                                   0x08002f44   Section        0  main.o(i.main)
    i.resi_temp_calc                         0x08002ff8   Section        0  algorithm.o(i.resi_temp_calc)
    .constdata                               0x080030d4   Section       24  system_stm32f1xx.o(.constdata)
    .constdata                               0x080030ec   Section      800  algorithm.o(.constdata)
    .data                                    0x20000000   Section       12  main.o(.data)
    .data                                    0x2000000c   Section        9  stm32f1xx_hal.o(.data)
    .data                                    0x20000018   Section        4  system_stm32f1xx.o(.data)
    .data                                    0x2000001c   Section        4  stdout.o(.data)
    .bss                                     0x20000020   Section       88  spi.o(.bss)
    .bss                                     0x20000078   Section       72  tim.o(.bss)
    .bss                                     0x200000c0   Section       68  usart.o(.bss)
    STACK                                    0x20000108   Section     1024  startup_stm32f103xe.o(STACK)

    Global Symbols

    Symbol Name                              Value     Ov Type        Size  Object(Section)

    BuildAttributes$$THM_ISAv4$P$D$K$B$S$PE$A:L22UL41UL21$X:L11$S22US41US21$IEEE1$IW$USESV6$~STKCKD$USESV7$~SHL$OTIME$ROPI$EBA8$MICROLIB$REQ8$PRES8$EABIv2 0x00000000   Number         0  anon$$obj.o ABSOLUTE
    __ARM_use_no_argv                        0x00000000   Number         0  main.o ABSOLUTE
    _printf_a                                0x00000000   Number         0  stubs.o ABSOLUTE
    _printf_c                                0x00000000   Number         0  stubs.o ABSOLUTE
    _printf_charcount                        0x00000000   Number         0  stubs.o ABSOLUTE
    _printf_d                                0x00000000   Number         0  stubs.o ABSOLUTE
    _printf_e                                0x00000000   Number         0  stubs.o ABSOLUTE
    _printf_f                                0x00000000   Number         0  stubs.o ABSOLUTE
    _printf_flags                            0x00000000   Number         0  stubs.o ABSOLUTE
    _printf_fp_dec                           0x00000000   Number         0  stubs.o ABSOLUTE
    _printf_fp_hex                           0x00000000   Number         0  stubs.o ABSOLUTE
    _printf_g                                0x00000000   Number         0  stubs.o ABSOLUTE
    _printf_i                                0x00000000   Number         0  stubs.o ABSOLUTE
    _printf_int_dec                          0x00000000   Number         0  stubs.o ABSOLUTE
    _printf_l                                0x00000000   Number         0  stubs.o ABSOLUTE
    _printf_lc                               0x00000000   Number         0  stubs.o ABSOLUTE
    _printf_ll                               0x00000000   Number         0  stubs.o ABSOLUTE
    _printf_lld                              0x00000000   Number         0  stubs.o ABSOLUTE
    _printf_lli                              0x00000000   Number         0  stubs.o ABSOLUTE
    _printf_llo                              0x00000000   Number         0  stubs.o ABSOLUTE
    _printf_llu                              0x00000000   Number         0  stubs.o ABSOLUTE
    _printf_llx                              0x00000000   Number         0  stubs.o ABSOLUTE
    _printf_longlong_dec                     0x00000000   Number         0  stubs.o ABSOLUTE
    _printf_longlong_hex                     0x00000000   Number         0  stubs.o ABSOLUTE
    _printf_longlong_oct                     0x00000000   Number         0  stubs.o ABSOLUTE
    _printf_ls                               0x00000000   Number         0  stubs.o ABSOLUTE
    _printf_mbtowc                           0x00000000   Number         0  stubs.o ABSOLUTE
    _printf_n                                0x00000000   Number         0  stubs.o ABSOLUTE
    _printf_o                                0x00000000   Number         0  stubs.o ABSOLUTE
    _printf_p                                0x00000000   Number         0  stubs.o ABSOLUTE
    _printf_percent                          0x00000000   Number         0  stubs.o ABSOLUTE
    _printf_pre_padding                      0x00000000   Number         0  stubs.o ABSOLUTE
    _printf_return_value                     0x00000000   Number         0  stubs.o ABSOLUTE
    _printf_s                                0x00000000   Number         0  stubs.o ABSOLUTE
    _printf_sizespec                         0x00000000   Number         0  stubs.o ABSOLUTE
    _printf_str                              0x00000000   Number         0  stubs.o ABSOLUTE
    _printf_truncate_signed                  0x00000000   Number         0  stubs.o ABSOLUTE
    _printf_truncate_unsigned                0x00000000   Number         0  stubs.o ABSOLUTE
    _printf_u                                0x00000000   Number         0  stubs.o ABSOLUTE
    _printf_wc                               0x00000000   Number         0  stubs.o ABSOLUTE
    _printf_wctomb                           0x00000000   Number         0  stubs.o ABSOLUTE
    _printf_widthprec                        0x00000000   Number         0  stubs.o ABSOLUTE
    _printf_x                                0x00000000   Number         0  stubs.o ABSOLUTE
    __arm_fini_                               - Undefined Weak Reference
    __cpp_initialize__aeabi_                  - Undefined Weak Reference
    __cxa_finalize                            - Undefined Weak Reference
    __decompress                              - Undefined Weak Reference
    _clock_init                               - Undefined Weak Reference
    _microlib_exit                            - Undefined Weak Reference
    __Vectors_Size                           0x00000130   Number         0  startup_stm32f103xe.o ABSOLUTE
    __Vectors                                0x08000000   Data           4  startup_stm32f103xe.o(RESET)
    __Vectors_End                            0x08000130   Data           0  startup_stm32f103xe.o(RESET)
    __main                                   0x08000131   Thumb Code     0  entry.o(.ARM.Collect$$$$00000000)
    _main_stk                                0x08000131   Thumb Code     0  entry2.o(.ARM.Collect$$$$00000001)
    _main_scatterload                        0x08000135   Thumb Code     0  entry5.o(.ARM.Collect$$$$00000004)
    __main_after_scatterload                 0x08000139   Thumb Code     0  entry5.o(.ARM.Collect$$$$00000004)
    _main_clock                              0x08000139   Thumb Code     0  entry7b.o(.ARM.Collect$$$$00000008)
    _main_cpp_init                           0x08000139   Thumb Code     0  entry8b.o(.ARM.Collect$$$$0000000A)
    _main_init                               0x08000139   Thumb Code     0  entry9a.o(.ARM.Collect$$$$0000000B)
    __rt_lib_shutdown_fini                   0x08000141   Thumb Code     0  entry12b.o(.ARM.Collect$$$$0000000E)
    __rt_final_cpp                           0x08000145   Thumb Code     0  entry10a.o(.ARM.Collect$$$$0000000F)
    __rt_final_exit                          0x08000145   Thumb Code     0  entry11a.o(.ARM.Collect$$$$00000011)
    Reset_Handler                            0x08000149   Thumb Code     8  startup_stm32f103xe.o(.text)
    ADC1_2_IRQHandler                        0x08000163   Thumb Code     0  startup_stm32f103xe.o(.text)
    ADC3_IRQHandler                          0x08000163   Thumb Code     0  startup_stm32f103xe.o(.text)
    CAN1_RX1_IRQHandler                      0x08000163   Thumb Code     0  startup_stm32f103xe.o(.text)
    CAN1_SCE_IRQHandler                      0x08000163   Thumb Code     0  startup_stm32f103xe.o(.text)
    DMA1_Channel1_IRQHandler                 0x08000163   Thumb Code     0  startup_stm32f103xe.o(.text)
    DMA1_Channel2_IRQHandler                 0x08000163   Thumb Code     0  startup_stm32f103xe.o(.text)
    DMA1_Channel3_IRQHandler                 0x08000163   Thumb Code     0  startup_stm32f103xe.o(.text)
    DMA1_Channel4_IRQHandler                 0x08000163   Thumb Code     0  startup_stm32f103xe.o(.text)
    DMA1_Channel5_IRQHandler                 0x08000163   Thumb Code     0  startup_stm32f103xe.o(.text)
    DMA1_Channel6_IRQHandler                 0x08000163   Thumb Code     0  startup_stm32f103xe.o(.text)
    DMA1_Channel7_IRQHandler                 0x08000163   Thumb Code     0  startup_stm32f103xe.o(.text)
    DMA2_Channel1_IRQHandler                 0x08000163   Thumb Code     0  startup_stm32f103xe.o(.text)
    DMA2_Channel2_IRQHandler                 0x08000163   Thumb Code     0  startup_stm32f103xe.o(.text)
    DMA2_Channel3_IRQHandler                 0x08000163   Thumb Code     0  startup_stm32f103xe.o(.text)
    DMA2_Channel4_5_IRQHandler               0x08000163   Thumb Code     0  startup_stm32f103xe.o(.text)
    EXTI0_IRQHandler                         0x08000163   Thumb Code     0  startup_stm32f103xe.o(.text)
    EXTI15_10_IRQHandler                     0x08000163   Thumb Code     0  startup_stm32f103xe.o(.text)
    EXTI1_IRQHandler                         0x08000163   Thumb Code     0  startup_stm32f103xe.o(.text)
    EXTI2_IRQHandler                         0x08000163   Thumb Code     0  startup_stm32f103xe.o(.text)
    EXTI3_IRQHandler                         0x08000163   Thumb Code     0  startup_stm32f103xe.o(.text)
    EXTI4_IRQHandler                         0x08000163   Thumb Code     0  startup_stm32f103xe.o(.text)
    EXTI9_5_IRQHandler                       0x08000163   Thumb Code     0  startup_stm32f103xe.o(.text)
    FLASH_IRQHandler                         0x08000163   Thumb Code     0  startup_stm32f103xe.o(.text)
    FSMC_IRQHandler                          0x08000163   Thumb Code     0  startup_stm32f103xe.o(.text)
    I2C1_ER_IRQHandler                       0x08000163   Thumb Code     0  startup_stm32f103xe.o(.text)
    I2C1_EV_IRQHandler                       0x08000163   Thumb Code     0  startup_stm32f103xe.o(.text)
    I2C2_ER_IRQHandler                       0x08000163   Thumb Code     0  startup_stm32f103xe.o(.text)
    I2C2_EV_IRQHandler                       0x08000163   Thumb Code     0  startup_stm32f103xe.o(.text)
    PVD_IRQHandler                           0x08000163   Thumb Code     0  startup_stm32f103xe.o(.text)
    RCC_IRQHandler                           0x08000163   Thumb Code     0  startup_stm32f103xe.o(.text)
    RTC_Alarm_IRQHandler                     0x08000163   Thumb Code     0  startup_stm32f103xe.o(.text)
    RTC_IRQHandler                           0x08000163   Thumb Code     0  startup_stm32f103xe.o(.text)
    SDIO_IRQHandler                          0x08000163   Thumb Code     0  startup_stm32f103xe.o(.text)
    SPI1_IRQHandler                          0x08000163   Thumb Code     0  startup_stm32f103xe.o(.text)
    SPI2_IRQHandler                          0x08000163   Thumb Code     0  startup_stm32f103xe.o(.text)
    SPI3_IRQHandler                          0x08000163   Thumb Code     0  startup_stm32f103xe.o(.text)
    TAMPER_IRQHandler                        0x08000163   Thumb Code     0  startup_stm32f103xe.o(.text)
    TIM1_BRK_IRQHandler                      0x08000163   Thumb Code     0  startup_stm32f103xe.o(.text)
    TIM1_CC_IRQHandler                       0x08000163   Thumb Code     0  startup_stm32f103xe.o(.text)
    TIM1_TRG_COM_IRQHandler                  0x08000163   Thumb Code     0  startup_stm32f103xe.o(.text)
    TIM1_UP_IRQHandler                       0x08000163   Thumb Code     0  startup_stm32f103xe.o(.text)
    TIM2_IRQHandler                          0x08000163   Thumb Code     0  startup_stm32f103xe.o(.text)
    TIM3_IRQHandler                          0x08000163   Thumb Code     0  startup_stm32f103xe.o(.text)
    TIM4_IRQHandler                          0x08000163   Thumb Code     0  startup_stm32f103xe.o(.text)
    TIM5_IRQHandler                          0x08000163   Thumb Code     0  startup_stm32f103xe.o(.text)
    TIM6_IRQHandler                          0x08000163   Thumb Code     0  startup_stm32f103xe.o(.text)
    TIM7_IRQHandler                          0x08000163   Thumb Code     0  startup_stm32f103xe.o(.text)
    TIM8_BRK_IRQHandler                      0x08000163   Thumb Code     0  startup_stm32f103xe.o(.text)
    TIM8_CC_IRQHandler                       0x08000163   Thumb Code     0  startup_stm32f103xe.o(.text)
    TIM8_TRG_COM_IRQHandler                  0x08000163   Thumb Code     0  startup_stm32f103xe.o(.text)
    TIM8_UP_IRQHandler                       0x08000163   Thumb Code     0  startup_stm32f103xe.o(.text)
    UART4_IRQHandler                         0x08000163   Thumb Code     0  startup_stm32f103xe.o(.text)
    UART5_IRQHandler                         0x08000163   Thumb Code     0  startup_stm32f103xe.o(.text)
    USART1_IRQHandler                        0x08000163   Thumb Code     0  startup_stm32f103xe.o(.text)
    USART2_IRQHandler                        0x08000163   Thumb Code     0  startup_stm32f103xe.o(.text)
    USART3_IRQHandler                        0x08000163   Thumb Code     0  startup_stm32f103xe.o(.text)
    USBWakeUp_IRQHandler                     0x08000163   Thumb Code     0  startup_stm32f103xe.o(.text)
    USB_HP_CAN1_TX_IRQHandler                0x08000163   Thumb Code     0  startup_stm32f103xe.o(.text)
    USB_LP_CAN1_RX0_IRQHandler               0x08000163   Thumb Code     0  startup_stm32f103xe.o(.text)
    WWDG_IRQHandler                          0x08000163   Thumb Code     0  startup_stm32f103xe.o(.text)
    __aeabi_uldivmod                         0x0800016d   Thumb Code    98  uldiv.o(.text)
    __aeabi_llsr                             0x080001cf   Thumb Code    32  llushr.o(.text)
    _ll_ushift_r                             0x080001cf   Thumb Code     0  llushr.o(.text)
    __aeabi_memset                           0x080001ef   Thumb Code    14  memseta.o(.text)
    __aeabi_memset4                          0x080001ef   Thumb Code     0  memseta.o(.text)
    __aeabi_memset8                          0x080001ef   Thumb Code     0  memseta.o(.text)
    __aeabi_memclr                           0x080001fd   Thumb Code     4  memseta.o(.text)
    __aeabi_memclr4                          0x080001fd   Thumb Code     0  memseta.o(.text)
    __aeabi_memclr8                          0x080001fd   Thumb Code     0  memseta.o(.text)
    _memset$wrapper                          0x08000201   Thumb Code    18  memseta.o(.text)
    __aeabi_fadd                             0x08000213   Thumb Code   164  fadd.o(.text)
    __aeabi_fsub                             0x080002b7   Thumb Code     6  fadd.o(.text)
    __aeabi_frsub                            0x080002bd   Thumb Code     6  fadd.o(.text)
    __aeabi_fmul                             0x080002c3   Thumb Code   100  fmul.o(.text)
    __aeabi_fdiv                             0x08000327   Thumb Code   124  fdiv.o(.text)
    __aeabi_dmul                             0x080003a3   Thumb Code   228  dmul.o(.text)
    __aeabi_ui2f                             0x08000487   Thumb Code    10  ffltui.o(.text)
    __aeabi_ui2d                             0x08000491   Thumb Code    26  dfltui.o(.text)
    __aeabi_f2d                              0x080004ab   Thumb Code    38  f2d.o(.text)
    __aeabi_d2f                              0x080004d1   Thumb Code    56  d2f.o(.text)
    __aeabi_cfcmpeq                          0x08000509   Thumb Code     0  cfcmple.o(.text)
    __aeabi_cfcmple                          0x08000509   Thumb Code    20  cfcmple.o(.text)
    __aeabi_cfrcmple                         0x0800051d   Thumb Code    20  cfrcmple.o(.text)
    __aeabi_uidiv                            0x08000531   Thumb Code     0  uidiv.o(.text)
    __aeabi_uidivmod                         0x08000531   Thumb Code    44  uidiv.o(.text)
    __aeabi_llsl                             0x0800055d   Thumb Code    30  llshl.o(.text)
    _ll_shift_l                              0x0800055d   Thumb Code     0  llshl.o(.text)
    __I$use$fp                               0x0800057b   Thumb Code     0  iusefp.o(.text)
    _float_round                             0x0800057b   Thumb Code    18  fepilogue.o(.text)
    _float_epilogue                          0x0800058d   Thumb Code    92  fepilogue.o(.text)
    _double_round                            0x080005e9   Thumb Code    30  depilogue.o(.text)
    _double_epilogue                         0x08000607   Thumb Code   156  depilogue.o(.text)
    __aeabi_dadd                             0x080006a3   Thumb Code   322  dadd.o(.text)
    __aeabi_dsub                             0x080007e5   Thumb Code     6  dadd.o(.text)
    __aeabi_drsub                            0x080007eb   Thumb Code     6  dadd.o(.text)
    __aeabi_ddiv                             0x080007f1   Thumb Code   222  ddiv.o(.text)
    __aeabi_d2ulz                            0x080008cf   Thumb Code    48  dfixul.o(.text)
    __aeabi_cdrcmple                         0x08000901   Thumb Code    48  cdrcmple.o(.text)
    __scatterload                            0x08000931   Thumb Code    28  init.o(.text)
    __scatterload_rt2                        0x08000931   Thumb Code     0  init.o(.text)
    __aeabi_lasr                             0x08000955   Thumb Code    36  llsshr.o(.text)
    _ll_sshift_r                             0x08000955   Thumb Code     0  llsshr.o(.text)
    AD7794_Code_To_Res                       0x08000979   Thumb Code    68  ad7794.o(i.AD7794_Code_To_Res)
    AD7794_GetStatus                         0x080009d9   Thumb Code    68  ad7794.o(i.AD7794_GetStatus)
    AD7794_Get_Code                          0x08000a9d   Thumb Code   142  ad7794.o(i.AD7794_Get_Code)
    AD7794_Init                              0x08000b79   Thumb Code   168  ad7794.o(i.AD7794_Init)
    BusFault_Handler                         0x08000c25   Thumb Code     4  stm32f1xx_it.o(i.BusFault_Handler)
    DebugMon_Handler                         0x08000c29   Thumb Code     2  stm32f1xx_it.o(i.DebugMon_Handler)
    Error_Handler                            0x08000c2b   Thumb Code     6  main.o(i.Error_Handler)
    HAL_Delay                                0x08000c31   Thumb Code    36  stm32f1xx_hal.o(i.HAL_Delay)
    HAL_GPIO_Init                            0x08000c59   Thumb Code   792  stm32f1xx_hal_gpio.o(i.HAL_GPIO_Init)
    HAL_GPIO_WritePin                        0x08000f99   Thumb Code    12  stm32f1xx_hal_gpio.o(i.HAL_GPIO_WritePin)
    HAL_GetTick                              0x08000fa5   Thumb Code     6  stm32f1xx_hal.o(i.HAL_GetTick)
    HAL_IncTick                              0x08000fb1   Thumb Code    16  stm32f1xx_hal.o(i.HAL_IncTick)
    HAL_Init                                 0x08000fc9   Thumb Code    34  stm32f1xx_hal.o(i.HAL_Init)
    HAL_InitTick                             0x08000ff1   Thumb Code    64  stm32f1xx_hal.o(i.HAL_InitTick)
    HAL_MspInit                              0x0800103d   Thumb Code    76  stm32f1xx_hal_msp.o(i.HAL_MspInit)
    HAL_NVIC_SetPriority                     0x08001091   Thumb Code   124  stm32f1xx_hal_cortex.o(i.HAL_NVIC_SetPriority)
    HAL_NVIC_SetPriorityGrouping             0x0800110d   Thumb Code    32  stm32f1xx_hal_cortex.o(i.HAL_NVIC_SetPriorityGrouping)
    HAL_RCC_ClockConfig                      0x08001135   Thumb Code   376  stm32f1xx_hal_rcc.o(i.HAL_RCC_ClockConfig)
    HAL_RCC_GetHCLKFreq                      0x080012c1   Thumb Code     6  stm32f1xx_hal_rcc.o(i.HAL_RCC_GetHCLKFreq)
    HAL_RCC_GetPCLK1Freq                     0x080012cd   Thumb Code    22  stm32f1xx_hal_rcc.o(i.HAL_RCC_GetPCLK1Freq)
    HAL_RCC_GetPCLK2Freq                     0x080012ed   Thumb Code    22  stm32f1xx_hal_rcc.o(i.HAL_RCC_GetPCLK2Freq)
    HAL_RCC_GetSysClockFreq                  0x0800130d   Thumb Code   116  stm32f1xx_hal_rcc.o(i.HAL_RCC_GetSysClockFreq)
    HAL_RCC_OscConfig                        0x080013a1   Thumb Code  1114  stm32f1xx_hal_rcc.o(i.HAL_RCC_OscConfig)
    HAL_SPI_Init                             0x08001805   Thumb Code   190  stm32f1xx_hal_spi.o(i.HAL_SPI_Init)
    HAL_SPI_MspInit                          0x080018c5   Thumb Code   126  spi.o(i.HAL_SPI_MspInit)
    HAL_SPI_TransmitReceive                  0x08001951   Thumb Code   554  stm32f1xx_hal_spi.o(i.HAL_SPI_TransmitReceive)
    HAL_SYSTICK_Config                       0x08001b7b   Thumb Code    52  stm32f1xx_hal_cortex.o(i.HAL_SYSTICK_Config)
    HAL_TIMEx_MasterConfigSynchronization    0x08001bb1   Thumb Code   134  stm32f1xx_hal_tim_ex.o(i.HAL_TIMEx_MasterConfigSynchronization)
    HAL_TIM_Base_Init                        0x08001c4d   Thumb Code   102  stm32f1xx_hal_tim.o(i.HAL_TIM_Base_Init)
    HAL_TIM_Base_MspInit                     0x08001cb5   Thumb Code    40  tim.o(i.HAL_TIM_Base_MspInit)
    HAL_TIM_ConfigClockSource                0x08001ce5   Thumb Code   264  stm32f1xx_hal_tim.o(i.HAL_TIM_ConfigClockSource)
    HAL_UART_Init                            0x08001ded   Thumb Code   114  stm32f1xx_hal_uart.o(i.HAL_UART_Init)
    HAL_UART_MspInit                         0x08001e61   Thumb Code   122  usart.o(i.HAL_UART_MspInit)
    HAL_UART_Transmit                        0x08001ee9   Thumb Code   210  stm32f1xx_hal_uart.o(i.HAL_UART_Transmit)
    HardFault_Handler                        0x08001fbb   Thumb Code     4  stm32f1xx_it.o(i.HardFault_Handler)
    MX_GPIO_Init                             0x08001fc1   Thumb Code   132  gpio.o(i.MX_GPIO_Init)
    MX_SPI2_Init                             0x0800204d   Thumb Code    62  spi.o(i.MX_SPI2_Init)
    MX_TIM5_Init                             0x08002095   Thumb Code   100  tim.o(i.MX_TIM5_Init)
    MX_USART1_UART_Init                      0x08002101   Thumb Code    46  usart.o(i.MX_USART1_UART_Init)
    MemManage_Handler                        0x08002139   Thumb Code     4  stm32f1xx_it.o(i.MemManage_Handler)
    NMI_Handler                              0x0800213d   Thumb Code     4  stm32f1xx_it.o(i.NMI_Handler)
    PendSV_Handler                           0x08002141   Thumb Code     2  stm32f1xx_it.o(i.PendSV_Handler)
    SPI_ReadWriteByte                        0x08002195   Thumb Code    28  ad7794.o(i.SPI_ReadWriteByte)
    SVC_Handler                              0x0800228d   Thumb Code     2  stm32f1xx_it.o(i.SVC_Handler)
    SysTick_Handler                          0x0800228f   Thumb Code     8  stm32f1xx_it.o(i.SysTick_Handler)
    SystemClock_Config                       0x08002297   Thumb Code    92  main.o(i.SystemClock_Config)
    SystemInit                               0x080022f3   Thumb Code     2  system_stm32f1xx.o(i.SystemInit)
    TIM_Base_SetConfig                       0x080022f5   Thumb Code   134  stm32f1xx_hal_tim.o(i.TIM_Base_SetConfig)
    TIM_ETR_SetConfig                        0x08002391   Thumb Code    22  stm32f1xx_hal_tim.o(i.TIM_ETR_SetConfig)
    UsageFault_Handler                       0x08002571   Thumb Code     4  stm32f1xx_it.o(i.UsageFault_Handler)
    __0printf                                0x08002575   Thumb Code    22  printfa.o(i.__0printf)
    __1printf                                0x08002575   Thumb Code     0  printfa.o(i.__0printf)
    __2printf                                0x08002575   Thumb Code     0  printfa.o(i.__0printf)
    __c89printf                              0x08002575   Thumb Code     0  printfa.o(i.__0printf)
    printf                                   0x08002575   Thumb Code     0  printfa.o(i.__0printf)
    __scatterload_copy                       0x080025cd   Thumb Code    14  handlers.o(i.__scatterload_copy)
    __scatterload_null                       0x080025db   Thumb Code     2  handlers.o(i.__scatterload_null)
    __scatterload_zeroinit                   0x080025dd   Thumb Code    14  handlers.o(i.__scatterload_zeroinit)
    binary_search                            0x08002e77   Thumb Code    90  algorithm.o(i.binary_search)
    delay_us                                 0x08002ed1   Thumb Code    84  ad7794.o(i.delay_us)
    fputc                                    0x08002f29   Thumb Code    22  usart.o(i.fputc)
    main                                     0x08002f45   Thumb Code   128  main.o(i.main)
    resi_temp_calc                           0x08002ff9   Thumb Code   206  algorithm.o(i.resi_temp_calc)
    AHBPrescTable                            0x080030d4   Data          16  system_stm32f1xx.o(.constdata)
    APBPrescTable                            0x080030e4   Data           8  system_stm32f1xx.o(.constdata)
    PT1000_CODE                              0x080030ec   Data         800  algorithm.o(.constdata)
    Region$$Table$$Base                      0x0800340c   Number         0  anon$$obj.o(Region$$Table)
    Region$$Table$$Limit                     0x0800342c   Number         0  anon$$obj.o(Region$$Table)
    Code_AD7794                              0x20000000   Data           4  main.o(.data)
    Resistance                               0x20000004   Data           4  main.o(.data)
    Temp                                     0x20000008   Data           4  main.o(.data)
    uwTick                                   0x2000000c   Data           4  stm32f1xx_hal.o(.data)
    uwTickPrio                               0x20000010   Data           4  stm32f1xx_hal.o(.data)
    uwTickFreq                               0x20000014   Data           1  stm32f1xx_hal.o(.data)
    SystemCoreClock                          0x20000018   Data           4  system_stm32f1xx.o(.data)
    __stdout                                 0x2000001c   Data           4  stdout.o(.data)
    hspi2                                    0x20000020   Data          88  spi.o(.bss)
    htim5                                    0x20000078   Data          72  tim.o(.bss)
    huart1                                   0x200000c0   Data          68  usart.o(.bss)
    __initial_sp                             0x20000508   Data           0  startup_stm32f103xe.o(STACK)



==============================================================================

Memory Map of the image

  Image Entry point : 0x08000131

  Load Region LR_IROM1 (Base: 0x08000000, Size: 0x0000344c, Max: 0x00080000, ABSOLUTE)

    Execution Region ER_IROM1 (Exec base: 0x08000000, Load base: 0x08000000, Size: 0x0000342c, Max: 0x00080000, ABSOLUTE)

    Exec Addr    Load Addr    Size         Type   Attr      Idx    E Section Name        Object

    0x08000000   0x08000000   0x00000130   Data   RO            3    RESET               startup_stm32f103xe.o
    0x08000130   0x08000130   0x00000000   Code   RO         3295  * .ARM.Collect$$$$00000000  mc_w.l(entry.o)
    0x08000130   0x08000130   0x00000004   Code   RO         3585    .ARM.Collect$$$$00000001  mc_w.l(entry2.o)
    0x08000134   0x08000134   0x00000004   Code   RO         3588    .ARM.Collect$$$$00000004  mc_w.l(entry5.o)
    0x08000138   0x08000138   0x00000000   Code   RO         3590    .ARM.Collect$$$$00000008  mc_w.l(entry7b.o)
    0x08000138   0x08000138   0x00000000   Code   RO         3592    .ARM.Collect$$$$0000000A  mc_w.l(entry8b.o)
    0x08000138   0x08000138   0x00000008   Code   RO         3593    .ARM.Collect$$$$0000000B  mc_w.l(entry9a.o)
    0x08000140   0x08000140   0x00000004   Code   RO         3600    .ARM.Collect$$$$0000000E  mc_w.l(entry12b.o)
    0x08000144   0x08000144   0x00000000   Code   RO         3595    .ARM.Collect$$$$0000000F  mc_w.l(entry10a.o)
    0x08000144   0x08000144   0x00000000   Code   RO         3597    .ARM.Collect$$$$00000011  mc_w.l(entry11a.o)
    0x08000144   0x08000144   0x00000004   Code   RO         3586    .ARM.Collect$$$$00002712  mc_w.l(entry2.o)
    0x08000148   0x08000148   0x00000024   Code   RO            4    .text               startup_stm32f103xe.o
    0x0800016c   0x0800016c   0x00000062   Code   RO         3298    .text               mc_w.l(uldiv.o)
    0x080001ce   0x080001ce   0x00000020   Code   RO         3300    .text               mc_w.l(llushr.o)
    0x080001ee   0x080001ee   0x00000024   Code   RO         3302    .text               mc_w.l(memseta.o)
    0x08000212   0x08000212   0x000000b0   Code   RO         3565    .text               mf_w.l(fadd.o)
    0x080002c2   0x080002c2   0x00000064   Code   RO         3567    .text               mf_w.l(fmul.o)
    0x08000326   0x08000326   0x0000007c   Code   RO         3569    .text               mf_w.l(fdiv.o)
    0x080003a2   0x080003a2   0x000000e4   Code   RO         3571    .text               mf_w.l(dmul.o)
    0x08000486   0x08000486   0x0000000a   Code   RO         3573    .text               mf_w.l(ffltui.o)
    0x08000490   0x08000490   0x0000001a   Code   RO         3575    .text               mf_w.l(dfltui.o)
    0x080004aa   0x080004aa   0x00000026   Code   RO         3577    .text               mf_w.l(f2d.o)
    0x080004d0   0x080004d0   0x00000038   Code   RO         3579    .text               mf_w.l(d2f.o)
    0x08000508   0x08000508   0x00000014   Code   RO         3581    .text               mf_w.l(cfcmple.o)
    0x0800051c   0x0800051c   0x00000014   Code   RO         3583    .text               mf_w.l(cfrcmple.o)
    0x08000530   0x08000530   0x0000002c   Code   RO         3602    .text               mc_w.l(uidiv.o)
    0x0800055c   0x0800055c   0x0000001e   Code   RO         3604    .text               mc_w.l(llshl.o)
    0x0800057a   0x0800057a   0x00000000   Code   RO         3606    .text               mc_w.l(iusefp.o)
    0x0800057a   0x0800057a   0x0000006e   Code   RO         3607    .text               mf_w.l(fepilogue.o)
    0x080005e8   0x080005e8   0x000000ba   Code   RO         3609    .text               mf_w.l(depilogue.o)
    0x080006a2   0x080006a2   0x0000014e   Code   RO         3611    .text               mf_w.l(dadd.o)
    0x080007f0   0x080007f0   0x000000de   Code   RO         3613    .text               mf_w.l(ddiv.o)
    0x080008ce   0x080008ce   0x00000030   Code   RO         3615    .text               mf_w.l(dfixul.o)
    0x080008fe   0x080008fe   0x00000002   PAD
    0x08000900   0x08000900   0x00000030   Code   RO         3617    .text               mf_w.l(cdrcmple.o)
    0x08000930   0x08000930   0x00000024   Code   RO         3619    .text               mc_w.l(init.o)
    0x08000954   0x08000954   0x00000024   Code   RO         3621    .text               mc_w.l(llsshr.o)
    0x08000978   0x08000978   0x00000060   Code   RO         3181    i.AD7794_Code_To_Res  ad7794.o
    0x080009d8   0x080009d8   0x000000c4   Code   RO         3183    i.AD7794_GetStatus  ad7794.o
    0x08000a9c   0x08000a9c   0x000000dc   Code   RO         3184    i.AD7794_Get_Code   ad7794.o
    0x08000b78   0x08000b78   0x000000ac   Code   RO         3186    i.AD7794_Init       ad7794.o
    0x08000c24   0x08000c24   0x00000004   Code   RO          330    i.BusFault_Handler  stm32f1xx_it.o
    0x08000c28   0x08000c28   0x00000002   Code   RO          331    i.DebugMon_Handler  stm32f1xx_it.o
    0x08000c2a   0x08000c2a   0x00000006   Code   RO           13    i.Error_Handler     main.o
    0x08000c30   0x08000c30   0x00000028   Code   RO          794    i.HAL_Delay         stm32f1xx_hal.o
    0x08000c58   0x08000c58   0x00000340   Code   RO         1107    i.HAL_GPIO_Init     stm32f1xx_hal_gpio.o
    0x08000f98   0x08000f98   0x0000000c   Code   RO         1111    i.HAL_GPIO_WritePin  stm32f1xx_hal_gpio.o
    0x08000fa4   0x08000fa4   0x0000000c   Code   RO          798    i.HAL_GetTick       stm32f1xx_hal.o
    0x08000fb0   0x08000fb0   0x00000018   Code   RO          804    i.HAL_IncTick       stm32f1xx_hal.o
    0x08000fc8   0x08000fc8   0x00000028   Code   RO          805    i.HAL_Init          stm32f1xx_hal.o
    0x08000ff0   0x08000ff0   0x0000004c   Code   RO          806    i.HAL_InitTick      stm32f1xx_hal.o
    0x0800103c   0x0800103c   0x00000054   Code   RO          405    i.HAL_MspInit       stm32f1xx_hal_msp.o
    0x08001090   0x08001090   0x0000007c   Code   RO         1273    i.HAL_NVIC_SetPriority  stm32f1xx_hal_cortex.o
    0x0800110c   0x0800110c   0x00000028   Code   RO         1274    i.HAL_NVIC_SetPriorityGrouping  stm32f1xx_hal_cortex.o
    0x08001134   0x08001134   0x0000018c   Code   RO          962    i.HAL_RCC_ClockConfig  stm32f1xx_hal_rcc.o
    0x080012c0   0x080012c0   0x0000000c   Code   RO          967    i.HAL_RCC_GetHCLKFreq  stm32f1xx_hal_rcc.o
    0x080012cc   0x080012cc   0x00000020   Code   RO          969    i.HAL_RCC_GetPCLK1Freq  stm32f1xx_hal_rcc.o
    0x080012ec   0x080012ec   0x00000020   Code   RO          970    i.HAL_RCC_GetPCLK2Freq  stm32f1xx_hal_rcc.o
    0x0800130c   0x0800130c   0x00000094   Code   RO          971    i.HAL_RCC_GetSysClockFreq  stm32f1xx_hal_rcc.o
    0x080013a0   0x080013a0   0x00000464   Code   RO          974    i.HAL_RCC_OscConfig  stm32f1xx_hal_rcc.o
    0x08001804   0x08001804   0x000000be   Code   RO          476    i.HAL_SPI_Init      stm32f1xx_hal_spi.o
    0x080018c2   0x080018c2   0x00000002   PAD
    0x080018c4   0x080018c4   0x0000008c   Code   RO          193    i.HAL_SPI_MspInit   spi.o
    0x08001950   0x08001950   0x0000022a   Code   RO          485    i.HAL_SPI_TransmitReceive  stm32f1xx_hal_spi.o
    0x08001b7a   0x08001b7a   0x00000034   Code   RO         1278    i.HAL_SYSTICK_Config  stm32f1xx_hal_cortex.o
    0x08001bae   0x08001bae   0x00000002   PAD
    0x08001bb0   0x08001bb0   0x0000009c   Code   RO         2529    i.HAL_TIMEx_MasterConfigSynchronization  stm32f1xx_hal_tim_ex.o
    0x08001c4c   0x08001c4c   0x00000066   Code   RO         1795    i.HAL_TIM_Base_Init  stm32f1xx_hal_tim.o
    0x08001cb2   0x08001cb2   0x00000002   PAD
    0x08001cb4   0x08001cb4   0x00000030   Code   RO          235    i.HAL_TIM_Base_MspInit  tim.o
    0x08001ce4   0x08001ce4   0x00000108   Code   RO         1804    i.HAL_TIM_ConfigClockSource  stm32f1xx_hal_tim.o
    0x08001dec   0x08001dec   0x00000072   Code   RO         2806    i.HAL_UART_Init     stm32f1xx_hal_uart.o
    0x08001e5e   0x08001e5e   0x00000002   PAD
    0x08001e60   0x08001e60   0x00000088   Code   RO          277    i.HAL_UART_MspInit  usart.o
    0x08001ee8   0x08001ee8   0x000000d2   Code   RO         2814    i.HAL_UART_Transmit  stm32f1xx_hal_uart.o
    0x08001fba   0x08001fba   0x00000004   Code   RO          332    i.HardFault_Handler  stm32f1xx_it.o
    0x08001fbe   0x08001fbe   0x00000002   PAD
    0x08001fc0   0x08001fc0   0x0000008c   Code   RO          168    i.MX_GPIO_Init      gpio.o
    0x0800204c   0x0800204c   0x00000048   Code   RO          194    i.MX_SPI2_Init      spi.o
    0x08002094   0x08002094   0x0000006c   Code   RO          236    i.MX_TIM5_Init      tim.o
    0x08002100   0x08002100   0x00000038   Code   RO          278    i.MX_USART1_UART_Init  usart.o
    0x08002138   0x08002138   0x00000004   Code   RO          333    i.MemManage_Handler  stm32f1xx_it.o
    0x0800213c   0x0800213c   0x00000004   Code   RO          334    i.NMI_Handler       stm32f1xx_it.o
    0x08002140   0x08002140   0x00000002   Code   RO          335    i.PendSV_Handler    stm32f1xx_it.o
    0x08002142   0x08002142   0x00000002   PAD
    0x08002144   0x08002144   0x00000028   Code   RO          975    i.RCC_Delay         stm32f1xx_hal_rcc.o
    0x0800216c   0x0800216c   0x00000028   Code   RO          514    i.SPI_EndRxTxTransaction  stm32f1xx_hal_spi.o
    0x08002194   0x08002194   0x00000020   Code   RO         3189    i.SPI_ReadWriteByte  ad7794.o
    0x080021b4   0x080021b4   0x000000d8   Code   RO          519    i.SPI_WaitFlagStateUntilTimeout  stm32f1xx_hal_spi.o
    0x0800228c   0x0800228c   0x00000002   Code   RO          336    i.SVC_Handler       stm32f1xx_it.o
    0x0800228e   0x0800228e   0x00000008   Code   RO          337    i.SysTick_Handler   stm32f1xx_it.o
    0x08002296   0x08002296   0x0000005c   Code   RO           14    i.SystemClock_Config  main.o
    0x080022f2   0x080022f2   0x00000002   Code   RO         3145    i.SystemInit        system_stm32f1xx.o
    0x080022f4   0x080022f4   0x0000009c   Code   RO         1888    i.TIM_Base_SetConfig  stm32f1xx_hal_tim.o
    0x08002390   0x08002390   0x00000016   Code   RO         1899    i.TIM_ETR_SetConfig  stm32f1xx_hal_tim.o
    0x080023a6   0x080023a6   0x00000012   Code   RO         1900    i.TIM_ITRx_SetConfig  stm32f1xx_hal_tim.o
    0x080023b8   0x080023b8   0x00000026   Code   RO         1906    i.TIM_TI1_ConfigInputStage  stm32f1xx_hal_tim.o
    0x080023de   0x080023de   0x00000028   Code   RO         1908    i.TIM_TI2_ConfigInputStage  stm32f1xx_hal_tim.o
    0x08002406   0x08002406   0x00000002   PAD
    0x08002408   0x08002408   0x000000fc   Code   RO         2833    i.UART_SetConfig    stm32f1xx_hal_uart.o
    0x08002504   0x08002504   0x0000006c   Code   RO         2837    i.UART_WaitOnFlagUntilTimeout  stm32f1xx_hal_uart.o
    0x08002570   0x08002570   0x00000004   Code   RO          338    i.UsageFault_Handler  stm32f1xx_it.o
    0x08002574   0x08002574   0x00000020   Code   RO         3537    i.__0printf         mc_w.l(printfa.o)
    0x08002594   0x08002594   0x00000010   Code   RO         1280    i.__NVIC_GetPriorityGrouping  stm32f1xx_hal_cortex.o
    0x080025a4   0x080025a4   0x00000028   Code   RO         1281    i.__NVIC_SetPriority  stm32f1xx_hal_cortex.o
    0x080025cc   0x080025cc   0x0000000e   Code   RO         3625    i.__scatterload_copy  mc_w.l(handlers.o)
    0x080025da   0x080025da   0x00000002   Code   RO         3626    i.__scatterload_null  mc_w.l(handlers.o)
    0x080025dc   0x080025dc   0x0000000e   Code   RO         3627    i.__scatterload_zeroinit  mc_w.l(handlers.o)
    0x080025ea   0x080025ea   0x00000002   PAD
    0x080025ec   0x080025ec   0x00000184   Code   RO         3544    i._fp_digits        mc_w.l(printfa.o)
    0x08002770   0x08002770   0x000006b4   Code   RO         3545    i._printf_core      mc_w.l(printfa.o)
    0x08002e24   0x08002e24   0x00000024   Code   RO         3546    i._printf_post_padding  mc_w.l(printfa.o)
    0x08002e48   0x08002e48   0x0000002e   Code   RO         3547    i._printf_pre_padding  mc_w.l(printfa.o)
    0x08002e76   0x08002e76   0x0000005a   Code   RO         3262    i.binary_search     algorithm.o
    0x08002ed0   0x08002ed0   0x00000058   Code   RO         3190    i.delay_us          ad7794.o
    0x08002f28   0x08002f28   0x0000001c   Code   RO          280    i.fputc             usart.o
    0x08002f44   0x08002f44   0x000000b4   Code   RO           15    i.main              main.o
    0x08002ff8   0x08002ff8   0x000000dc   Code   RO         3263    i.resi_temp_calc    algorithm.o
    0x080030d4   0x080030d4   0x00000018   Data   RO         3146    .constdata          system_stm32f1xx.o
    0x080030ec   0x080030ec   0x00000320   Data   RO         3264    .constdata          algorithm.o
    0x0800340c   0x0800340c   0x00000020   Data   RO         3623    Region$$Table       anon$$obj.o


    Execution Region RW_IRAM1 (Exec base: 0x20000000, Load base: 0x0800342c, Size: 0x00000508, Max: 0x00010000, ABSOLUTE)

    Exec Addr    Load Addr    Size         Type   Attr      Idx    E Section Name        Object

    0x20000000   0x0800342c   0x0000000c   Data   RW           16    .data               main.o
    0x2000000c   0x08003438   0x00000009   Data   RW          812    .data               stm32f1xx_hal.o
    0x20000015   0x08003441   0x00000003   PAD
    0x20000018   0x08003444   0x00000004   Data   RW         3147    .data               system_stm32f1xx.o
    0x2000001c   0x08003448   0x00000004   Data   RW         3601    .data               mc_w.l(stdout.o)
    0x20000020        -       0x00000058   Zero   RW          195    .bss                spi.o
    0x20000078        -       0x00000048   Zero   RW          237    .bss                tim.o
    0x200000c0        -       0x00000044   Zero   RW          281    .bss                usart.o
    0x20000104   0x0800344c   0x00000004   PAD
    0x20000108        -       0x00000400   Zero   RW            1    STACK               startup_stm32f103xe.o


==============================================================================

Image component sizes


      Code (inc. data)   RO Data    RW Data    ZI Data      Debug   Object Name

       804        246          0          0          0       3095   ad7794.o
       310         14        800          0          0       2099   algorithm.o
       140          8          0          0          0        847   gpio.o
       278         52          0         12          0     494734   main.o
       212         24          0          0         88       1533   spi.o
        36          8        304          0       1024        776   startup_stm32f103xe.o
       192         36          0          9          0       6289   stm32f1xx_hal.o
       272         22          0          0          0      28626   stm32f1xx_hal_cortex.o
       844         40          0          0          0       2608   stm32f1xx_hal_gpio.o
        84          8          0          0          0        838   stm32f1xx_hal_msp.o
      1784        110          0          0          0       5792   stm32f1xx_hal_rcc.o
      1000          6          0          0          0       4321   stm32f1xx_hal_spi.o
       640         22          0          0          0       5229   stm32f1xx_hal_tim.o
       156         22          0          0          0       1256   stm32f1xx_hal_tim_ex.o
       684          4          0          0          0       3476   stm32f1xx_hal_uart.o
        34          0          0          0          0       3686   stm32f1xx_it.o
         2          0         24          4          0       1035   system_stm32f1xx.o
       156         16          0          0         72       1510   tim.o
       220         30          0          0         68       2126   usart.o

    ----------------------------------------------------------------------
      7862        668       1160         28       1256     569876   Object Totals
         0          0         32          0          0          0   (incl. Generated)
        14          0          0          3          4          0   (incl. Padding)

    ----------------------------------------------------------------------

      Code (inc. data)   RO Data    RW Data    ZI Data      Debug   Library Member Name

         0          0          0          0          0          0   entry.o
         0          0          0          0          0          0   entry10a.o
         0          0          0          0          0          0   entry11a.o
         4          0          0          0          0          0   entry12b.o
         8          4          0          0          0          0   entry2.o
         4          0          0          0          0          0   entry5.o
         0          0          0          0          0          0   entry7b.o
         0          0          0          0          0          0   entry8b.o
         8          4          0          0          0          0   entry9a.o
        30          0          0          0          0          0   handlers.o
        36          8          0          0          0         68   init.o
         0          0          0          0          0          0   iusefp.o
        30          0          0          0          0         68   llshl.o
        36          0          0          0          0         68   llsshr.o
        32          0          0          0          0         68   llushr.o
        36          0          0          0          0        108   memseta.o
      2218         90          0          0          0        464   printfa.o
         0          0          0          4          0          0   stdout.o
        44          0          0          0          0         80   uidiv.o
        98          0          0          0          0         92   uldiv.o
        48          0          0          0          0         68   cdrcmple.o
        20          0          0          0          0         68   cfcmple.o
        20          0          0          0          0         68   cfrcmple.o
        56          0          0          0          0         88   d2f.o
       334          0          0          0          0        148   dadd.o
       222          0          0          0          0        100   ddiv.o
       186          0          0          0          0        176   depilogue.o
        48          0          0          0          0         68   dfixul.o
        26          0          0          0          0         76   dfltui.o
       228          0          0          0          0         96   dmul.o
        38          0          0          0          0         68   f2d.o
       176          0          0          0          0        140   fadd.o
       124          0          0          0          0         88   fdiv.o
       110          0          0          0          0        168   fepilogue.o
        10          0          0          0          0         68   ffltui.o
       100          0          0          0          0         76   fmul.o

    ----------------------------------------------------------------------
      4334        106          0          4          0       2580   Library Totals
         4          0          0          0          0          0   (incl. Padding)

    ----------------------------------------------------------------------

      Code (inc. data)   RO Data    RW Data    ZI Data      Debug   Library Name

      2584        106          0          4          0       1016   mc_w.l
      1746          0          0          0          0       1564   mf_w.l

    ----------------------------------------------------------------------
      4334        106          0          4          0       2580   Library Totals

    ----------------------------------------------------------------------

==============================================================================


      Code (inc. data)   RO Data    RW Data    ZI Data      Debug   

     12196        774       1160         32       1256     568136   Grand Totals
     12196        774       1160         32       1256     568136   ELF Image Totals
     12196        774       1160         32          0          0   ROM Totals

==============================================================================

    Total RO  Size (Code + RO Data)                13356 (  13.04kB)
    Total RW  Size (RW Data + ZI Data)              1288 (   1.26kB)
    Total ROM Size (Code + RO Data + RW Data)      13388 (  13.07kB)

==============================================================================

